usage: powercounter print [-h] [-v]

PowerCounter 'print' command
============================

Capture from the serial port (or input file) and parse the data to print it
on stdout.

Example:
    powercounter -d /dev/ttyUSB1 print

optional arguments:
  -h, --help     show this help message and exit
  -v, --verbose  Print the extracted SML data in addition to the extracted OBIS data.
