usage: powercounter publish [-h] [--mqtt-host MQTT_HOST]
                            [--mqtt-port MQTT_PORT]
                            [--mqtt-username MQTT_USERNAME]
                            [--mqtt-password MQTT_PASSWORD]
                            [--mqtt-topic MQTT_TOPIC]

PowerCounter 'publish' command
==============================

Capture from the serial port (or input file) and publish the extracted data
as mqtt messages.

Example:
    powercounter -d /dev/ttyUSB1 publish

optional arguments:
  -h, --help            show this help message and exit
  --mqtt-host MQTT_HOST
                        MQTT host. [Default: 192.168.1.70]
  --mqtt-port MQTT_PORT
                        MQTT port. [Default: 1883]
  --mqtt-username MQTT_USERNAME
                        MQTT username. [Default: mqtt]
  --mqtt-password MQTT_PASSWORD
                        MQTT password. [Default: mqtt]
  --mqtt-topic MQTT_TOPIC
                        MQTT topic. [Default: counters/power]
