usage: powercounter capture [-h] OUTPUT_FILE
powercounter capture: error: the following arguments are required: OUTPUT_FILE
