1-0:2.8.1*255: 114427402.000 Wh
1-0:1.7.1*255: -769.717 W
