WARNING: No message CRC provided!
1-0:1.8.0*255: 5378499.000 Wh
1-0:1.8.1*255: 5378499.000 Wh
1-0:1.8.2*255: 0.000 Wh
1-0:15.7.0*255: 191.900 W
WARNING: No message CRC provided!
1-0:1.8.0*255: 5378499.100 Wh
1-0:1.8.1*255: 5378499.100 Wh
1-0:1.8.2*255: 0.000 Wh
1-0:15.7.0*255: 190.200 W
WARNING: No message CRC provided!
1-0:1.8.0*255: 5378499.200 Wh
1-0:1.8.1*255: 5378499.200 Wh
1-0:1.8.2*255: 0.000 Wh
1-0:15.7.0*255: 190.900 W
WARNING: No message CRC provided!
1-0:1.8.0*255: 5378499.300 Wh
1-0:1.8.1*255: 5378499.300 Wh
1-0:1.8.2*255: 0.000 Wh
1-0:15.7.0*255: 190.600 W
WARNING: No message CRC provided!
1-0:1.8.0*255: 5378499.400 Wh
1-0:1.8.1*255: 5378499.400 Wh
1-0:1.8.2*255: 0.000 Wh
1-0:15.7.0*255: 191.700 W
WARNING: No message CRC provided!
1-0:1.8.0*255: 5378499.500 Wh
1-0:1.8.1*255: 5378499.500 Wh
1-0:1.8.2*255: 0.000 Wh
1-0:15.7.0*255: 191.700 W
WARNING: No message CRC provided!
1-0:1.8.0*255: 5378499.600 Wh
1-0:1.8.1*255: 5378499.600 Wh
1-0:1.8.2*255: 0.000 Wh
1-0:15.7.0*255: 193.500 W
WARNING: No message CRC provided!
1-0:1.8.0*255: 5378499.700 Wh
1-0:1.8.1*255: 5378499.700 Wh
1-0:1.8.2*255: 0.000 Wh
1-0:15.7.0*255: 191.400 W
WARNING: No message CRC provided!
1-0:1.8.0*255: 5378499.800 Wh
1-0:1.8.1*255: 5378499.800 Wh
1-0:1.8.2*255: 0.000 Wh
1-0:15.7.0*255: 162.700 W
WARNING: No message CRC provided!
1-0:1.8.0*255: 5378499.900 Wh
1-0:1.8.1*255: 5378499.900 Wh
1-0:1.8.2*255: 0.000 Wh
1-0:15.7.0*255: 135.700 W
WARNING: No message CRC provided!
1-0:1.8.0*255: 5378500.000 Wh
1-0:1.8.1*255: 5378500.000 Wh
1-0:1.8.2*255: 0.000 Wh
1-0:15.7.0*255: 135.200 W
WARNING: No message CRC provided!
1-0:1.8.0*255: 5378500.100 Wh
1-0:1.8.1*255: 5378500.100 Wh
1-0:1.8.2*255: 0.000 Wh
1-0:15.7.0*255: 198.200 W
WARNING: No message CRC provided!
1-0:1.8.0*255: 5378500.200 Wh
1-0:1.8.1*255: 5378500.200 Wh
1-0:1.8.2*255: 0.000 Wh
1-0:15.7.0*255: 191.700 W
