WARNING: No message CRC provided!
1-0:2.8.0*255: 4373.000 Wh
1-0:2.8.1*255: 4373.000 Wh
1-0:2.8.2*255: 0.000 Wh
1-0:15.7.0*255: 0.000 W
WARNING: No message CRC provided!
1-0:2.8.0*255: 4373.000 Wh
1-0:2.8.1*255: 4373.000 Wh
1-0:2.8.2*255: 0.000 Wh
1-0:15.7.0*255: 0.000 W
WARNING: No message CRC provided!
1-0:2.8.0*255: 4373.000 Wh
1-0:2.8.1*255: 4373.000 Wh
1-0:2.8.2*255: 0.000 Wh
1-0:15.7.0*255: 0.000 W
WARNING: No message CRC provided!
1-0:2.8.0*255: 4373.000 Wh
1-0:2.8.1*255: 4373.000 Wh
1-0:2.8.2*255: 0.000 Wh
1-0:15.7.0*255: 0.000 W
WARNING: No message CRC provided!
1-0:2.8.0*255: 4373.000 Wh
1-0:2.8.1*255: 4373.000 Wh
1-0:2.8.2*255: 0.000 Wh
1-0:15.7.0*255: 0.000 W
WARNING: No message CRC provided!
1-0:2.8.0*255: 4373.000 Wh
1-0:2.8.1*255: 4373.000 Wh
1-0:2.8.2*255: 0.000 Wh
1-0:15.7.0*255: 0.000 W
WARNING: No message CRC provided!
1-0:2.8.0*255: 4373.000 Wh
1-0:2.8.1*255: 4373.000 Wh
1-0:2.8.2*255: 0.000 Wh
1-0:15.7.0*255: 0.000 W
WARNING: No message CRC provided!
1-0:2.8.0*255: 4373.000 Wh
1-0:2.8.1*255: 4373.000 Wh
1-0:2.8.2*255: 0.000 Wh
1-0:15.7.0*255: 0.000 W
WARNING: No message CRC provided!
1-0:2.8.0*255: 4373.000 Wh
1-0:2.8.1*255: 4373.000 Wh
1-0:2.8.2*255: 0.000 Wh
1-0:15.7.0*255: 0.000 W
WARNING: No message CRC provided!
1-0:2.8.0*255: 4373.000 Wh
1-0:2.8.1*255: 4373.000 Wh
1-0:2.8.2*255: 0.000 Wh
1-0:15.7.0*255: 0.000 W
WARNING: No message CRC provided!
1-0:2.8.0*255: 4373.000 Wh
1-0:2.8.1*255: 4373.000 Wh
1-0:2.8.2*255: 0.000 Wh
1-0:15.7.0*255: 0.000 W
WARNING: No message CRC provided!
1-0:2.8.0*255: 4373.000 Wh
1-0:2.8.1*255: 4373.000 Wh
1-0:2.8.2*255: 0.000 Wh
1-0:15.7.0*255: 0.000 W
