WARNING: No message CRC provided!
1-0:1.8.0*255: 8391648.800 Wh
1-0:1.8.1*255: 8391447.600 Wh
1-0:1.8.2*255: 201.200 Wh
1-0:15.7.0*255: 163.500 W
WARNING: No message CRC provided!
1-0:1.8.0*255: 8391648.900 Wh
1-0:1.8.1*255: 8391447.700 Wh
1-0:1.8.2*255: 201.200 Wh
1-0:15.7.0*255: 163.300 W
WARNING: No message CRC provided!
1-0:1.8.0*255: 8391649.000 Wh
1-0:1.8.1*255: 8391447.800 Wh
1-0:1.8.2*255: 201.200 Wh
1-0:15.7.0*255: 163.400 W
WARNING: No message CRC provided!
1-0:1.8.0*255: 8391649.100 Wh
1-0:1.8.1*255: 8391447.900 Wh
1-0:1.8.2*255: 201.200 Wh
1-0:15.7.0*255: 163.600 W
WARNING: No message CRC provided!
1-0:1.8.0*255: 8391649.200 Wh
1-0:1.8.1*255: 8391448.000 Wh
1-0:1.8.2*255: 201.200 Wh
1-0:15.7.0*255: 163.600 W
WARNING: No message CRC provided!
1-0:1.8.0*255: 8391649.300 Wh
1-0:1.8.1*255: 8391448.100 Wh
1-0:1.8.2*255: 201.200 Wh
1-0:15.7.0*255: 163.300 W
WARNING: No message CRC provided!
1-0:1.8.0*255: 8391649.400 Wh
1-0:1.8.1*255: 8391448.200 Wh
1-0:1.8.2*255: 201.200 Wh
1-0:15.7.0*255: 165.300 W
WARNING: No message CRC provided!
1-0:1.8.0*255: 8391649.500 Wh
1-0:1.8.1*255: 8391448.300 Wh
1-0:1.8.2*255: 201.200 Wh
1-0:15.7.0*255: 165.800 W
WARNING: No message CRC provided!
1-0:1.8.0*255: 8391649.600 Wh
1-0:1.8.1*255: 8391448.400 Wh
1-0:1.8.2*255: 201.200 Wh
1-0:15.7.0*255: 163.600 W
WARNING: No message CRC provided!
1-0:1.8.0*255: 8391649.700 Wh
1-0:1.8.1*255: 8391448.500 Wh
1-0:1.8.2*255: 201.200 Wh
1-0:15.7.0*255: 164.100 W
WARNING: No message CRC provided!
1-0:1.8.0*255: 8391649.800 Wh
1-0:1.8.1*255: 8391448.600 Wh
1-0:1.8.2*255: 201.200 Wh
1-0:15.7.0*255: 163.200 W
WARNING: No message CRC provided!
1-0:1.8.0*255: 8391649.900 Wh
1-0:1.8.1*255: 8391448.700 Wh
1-0:1.8.2*255: 201.200 Wh
1-0:15.7.0*255: 164.100 W
