WARNING: No message CRC provided!
1-0:1.8.0*255: 5598064.700 Wh
1-0:1.8.1*255: 5598064.700 Wh
1-0:1.8.2*255: 0.000 Wh
1-0:16.7.0*255: 0.000 W
WARNING: No message CRC provided!
1-0:1.8.0*255: 5598064.700 Wh
1-0:1.8.1*255: 5598064.700 Wh
1-0:1.8.2*255: 0.000 Wh
1-0:16.7.0*255: 0.000 W
WARNING: No message CRC provided!
1-0:1.8.0*255: 5598064.700 Wh
1-0:1.8.1*255: 5598064.700 Wh
1-0:1.8.2*255: 0.000 Wh
1-0:16.7.0*255: 0.000 W
WARNING: No message CRC provided!
1-0:1.8.0*255: 5598064.700 Wh
1-0:1.8.1*255: 5598064.700 Wh
1-0:1.8.2*255: 0.000 Wh
1-0:16.7.0*255: 0.000 W
WARNING: No message CRC provided!
1-0:1.8.0*255: 5598064.700 Wh
1-0:1.8.1*255: 5598064.700 Wh
1-0:1.8.2*255: 0.000 Wh
1-0:16.7.0*255: 0.000 W
WARNING: No message CRC provided!
1-0:1.8.0*255: 5598064.700 Wh
1-0:1.8.1*255: 5598064.700 Wh
1-0:1.8.2*255: 0.000 Wh
1-0:16.7.0*255: 0.000 W
WARNING: No message CRC provided!
1-0:1.8.0*255: 5598064.700 Wh
1-0:1.8.1*255: 5598064.700 Wh
1-0:1.8.2*255: 0.000 Wh
1-0:16.7.0*255: 0.000 W
WARNING: No message CRC provided!
1-0:1.8.0*255: 5598064.700 Wh
1-0:1.8.1*255: 5598064.700 Wh
1-0:1.8.2*255: 0.000 Wh
1-0:16.7.0*255: 0.000 W
WARNING: No message CRC provided!
1-0:1.8.0*255: 5598064.700 Wh
1-0:1.8.1*255: 5598064.700 Wh
1-0:1.8.2*255: 0.000 Wh
1-0:16.7.0*255: 0.000 W
WARNING: No message CRC provided!
1-0:1.8.0*255: 5598064.700 Wh
1-0:1.8.1*255: 5598064.700 Wh
1-0:1.8.2*255: 0.000 Wh
1-0:16.7.0*255: 0.000 W
WARNING: No message CRC provided!
1-0:1.8.0*255: 5598064.700 Wh
1-0:1.8.1*255: 5598064.700 Wh
1-0:1.8.2*255: 0.000 Wh
1-0:16.7.0*255: 0.000 W
WARNING: No message CRC provided!
1-0:1.8.0*255: 5598064.700 Wh
1-0:1.8.1*255: 5598064.700 Wh
1-0:1.8.2*255: 0.000 Wh
1-0:16.7.0*255: 0.000 W
