ERROR: SML-file has invalid CRC (Calculated: 0xa649, Provided: 0x4a43)
