1-0:2.8.1*255: 110340315.100 Wh
1-0:1.7.1*255: -5632.192 W
