WARNING: No message CRC provided!
1-0:1.8.0*255: 22462413.600 Wh
1-0:1.8.1*255: 22462413.600 Wh
1-0:1.8.2*255: 0.000 Wh
1-0:16.7.0*255: 1680.000 W
1-0:36.7.0*255: 1170.000 W
1-0:56.7.0*255: 220.000 W
1-0:76.7.0*255: 290.000 W
WARNING: No message CRC provided!
1-0:1.8.0*255: 22462413.700 Wh
1-0:1.8.1*255: 22462413.700 Wh
1-0:1.8.2*255: 0.000 Wh
1-0:16.7.0*255: 1710.000 W
1-0:36.7.0*255: 1190.000 W
1-0:56.7.0*255: 220.000 W
1-0:76.7.0*255: 290.000 W
WARNING: No message CRC provided!
1-0:1.8.0*255: 22462413.800 Wh
1-0:1.8.1*255: 22462413.800 Wh
1-0:1.8.2*255: 0.000 Wh
1-0:16.7.0*255: 1730.000 W
1-0:36.7.0*255: 1180.000 W
1-0:56.7.0*255: 220.000 W
1-0:76.7.0*255: 320.000 W
WARNING: No message CRC provided!
1-0:1.8.0*255: 22462413.900 Wh
1-0:1.8.1*255: 22462413.900 Wh
1-0:1.8.2*255: 0.000 Wh
1-0:16.7.0*255: 1680.000 W
1-0:36.7.0*255: 1170.000 W
1-0:56.7.0*255: 210.000 W
1-0:76.7.0*255: 290.000 W
WARNING: No message CRC provided!
1-0:1.8.0*255: 22462414.000 Wh
1-0:1.8.1*255: 22462414.000 Wh
1-0:1.8.2*255: 0.000 Wh
1-0:16.7.0*255: 1680.000 W
1-0:36.7.0*255: 1170.000 W
1-0:56.7.0*255: 220.000 W
1-0:76.7.0*255: 280.000 W
WARNING: No message CRC provided!
1-0:1.8.0*255: 22462414.100 Wh
1-0:1.8.1*255: 22462414.100 Wh
1-0:1.8.2*255: 0.000 Wh
1-0:16.7.0*255: 1700.000 W
1-0:36.7.0*255: 1170.000 W
1-0:56.7.0*255: 230.000 W
1-0:76.7.0*255: 290.000 W
WARNING: No message CRC provided!
1-0:1.8.0*255: 22462414.200 Wh
1-0:1.8.1*255: 22462414.200 Wh
1-0:1.8.2*255: 0.000 Wh
1-0:16.7.0*255: 1710.000 W
1-0:36.7.0*255: 1190.000 W
1-0:56.7.0*255: 230.000 W
1-0:76.7.0*255: 290.000 W
WARNING: No message CRC provided!
1-0:1.8.0*255: 22462414.300 Wh
1-0:1.8.1*255: 22462414.300 Wh
1-0:1.8.2*255: 0.000 Wh
1-0:16.7.0*255: 1700.000 W
1-0:36.7.0*255: 1180.000 W
1-0:56.7.0*255: 220.000 W
1-0:76.7.0*255: 290.000 W
WARNING: No message CRC provided!
1-0:1.8.0*255: 22462414.400 Wh
1-0:1.8.1*255: 22462414.400 Wh
1-0:1.8.2*255: 0.000 Wh
1-0:16.7.0*255: 1710.000 W
1-0:36.7.0*255: 1190.000 W
1-0:56.7.0*255: 210.000 W
1-0:76.7.0*255: 300.000 W
WARNING: No message CRC provided!
1-0:1.8.0*255: 22462414.500 Wh
1-0:1.8.1*255: 22462414.500 Wh
1-0:1.8.2*255: 0.000 Wh
1-0:16.7.0*255: 1690.000 W
1-0:36.7.0*255: 1180.000 W
1-0:56.7.0*255: 220.000 W
1-0:76.7.0*255: 280.000 W
