WARNING: No message CRC provided!
1-0:1.8.0*255: 13312484.900 Wh
1-0:1.8.1*255: 13312484.900 Wh
1-0:1.8.2*255: 0.000 Wh
1-0:15.7.0*255: 139.400 W
