1-0:1.8.1*255: 14798112.900 Wh
1-0:1.8.2*255: 2012.400 Wh
1-0:1.7.0*255: 13.800 W
1-0:1.8.1*255: 14798113.000 Wh
1-0:1.8.2*255: 2012.400 Wh
1-0:1.7.0*255: 14.700 W
1-0:1.8.1*255: 14798113.000 Wh
1-0:1.8.2*255: 2012.400 Wh
1-0:1.7.0*255: 14.900 W
1-0:1.8.1*255: 14798113.000 Wh
1-0:1.8.2*255: 2012.400 Wh
1-0:1.7.0*255: 14.200 W
1-0:1.8.1*255: 14798113.000 Wh
1-0:1.8.2*255: 2012.400 Wh
1-0:1.7.0*255: 14.800 W
1-0:1.8.1*255: 14798113.000 Wh
1-0:1.8.2*255: 2012.400 Wh
1-0:1.7.0*255: 14.500 W
1-0:1.8.1*255: 14798113.000 Wh
1-0:1.8.2*255: 2012.400 Wh
1-0:1.7.0*255: 14.600 W
1-0:1.8.1*255: 14798113.100 Wh
1-0:1.8.2*255: 2012.400 Wh
1-0:1.7.0*255: 14.800 W
1-0:1.8.1*255: 14798113.100 Wh
1-0:1.8.2*255: 2012.400 Wh
1-0:1.7.0*255: 14.500 W
1-0:1.8.1*255: 14798113.100 Wh
1-0:1.8.2*255: 2012.400 Wh
1-0:1.7.0*255: 14.400 W
1-0:1.8.1*255: 14798113.100 Wh
1-0:1.8.2*255: 2012.400 Wh
1-0:1.7.0*255: 14.600 W
1-0:1.8.1*255: 14798113.100 Wh
1-0:1.8.2*255: 2012.400 Wh
1-0:1.7.0*255: 14.800 W
1-0:1.8.1*255: 14798113.100 Wh
1-0:1.8.2*255: 2012.400 Wh
1-0:1.7.0*255: 14.600 W
1-0:1.8.1*255: 14798113.200 Wh
1-0:1.8.2*255: 2012.400 Wh
1-0:1.7.0*255: 14.800 W
1-0:1.8.1*255: 14798113.200 Wh
1-0:1.8.2*255: 2012.400 Wh
1-0:1.7.0*255: 14.600 W
1-0:1.8.1*255: 14798113.200 Wh
1-0:1.8.2*255: 2012.400 Wh
1-0:1.7.0*255: 14.400 W
