WARNING: No message CRC provided!
1-0:1.8.0*255: 15141809.000 Wh
1-0:1.8.1*255: 15141809.000 Wh
1-0:1.8.2*255: 0.000 Wh
1-0:15.7.0*255: 1213.300 W
WARNING: No message CRC provided!
1-0:1.8.0*255: 15141809.500 Wh
1-0:1.8.1*255: 15141809.500 Wh
1-0:1.8.2*255: 0.000 Wh
1-0:15.7.0*255: 1214.500 W
WARNING: No message CRC provided!
1-0:1.8.0*255: 15141810.000 Wh
1-0:1.8.1*255: 15141810.000 Wh
1-0:1.8.2*255: 0.000 Wh
1-0:15.7.0*255: 1214.500 W
WARNING: No message CRC provided!
1-0:1.8.0*255: 15141810.500 Wh
1-0:1.8.1*255: 15141810.500 Wh
1-0:1.8.2*255: 0.000 Wh
1-0:15.7.0*255: 1213.300 W
WARNING: No message CRC provided!
1-0:1.8.0*255: 15141811.000 Wh
1-0:1.8.1*255: 15141811.000 Wh
1-0:1.8.2*255: 0.000 Wh
1-0:15.7.0*255: 1213.300 W
WARNING: No message CRC provided!
1-0:1.8.0*255: 15141811.500 Wh
1-0:1.8.1*255: 15141811.500 Wh
1-0:1.8.2*255: 0.000 Wh
1-0:15.7.0*255: 1213.300 W
WARNING: No message CRC provided!
1-0:1.8.0*255: 15141812.000 Wh
1-0:1.8.1*255: 15141812.000 Wh
1-0:1.8.2*255: 0.000 Wh
1-0:15.7.0*255: 1214.500 W
WARNING: No message CRC provided!
1-0:1.8.0*255: 15141812.500 Wh
1-0:1.8.1*255: 15141812.500 Wh
1-0:1.8.2*255: 0.000 Wh
1-0:15.7.0*255: 1217.500 W
WARNING: No message CRC provided!
1-0:1.8.0*255: 15141813.000 Wh
1-0:1.8.1*255: 15141813.000 Wh
1-0:1.8.2*255: 0.000 Wh
1-0:15.7.0*255: 1217.500 W
WARNING: No message CRC provided!
1-0:1.8.0*255: 15141813.500 Wh
1-0:1.8.1*255: 15141813.500 Wh
1-0:1.8.2*255: 0.000 Wh
1-0:15.7.0*255: 1214.500 W
WARNING: No message CRC provided!
1-0:1.8.0*255: 15141814.000 Wh
1-0:1.8.1*255: 15141814.000 Wh
1-0:1.8.2*255: 0.000 Wh
1-0:15.7.0*255: 1214.500 W
WARNING: No message CRC provided!
1-0:1.8.0*255: 15141814.500 Wh
1-0:1.8.1*255: 15141814.500 Wh
1-0:1.8.2*255: 0.000 Wh
1-0:15.7.0*255: 1217.500 W
