1-0:1.8.1*255: 0.000 Wh
1-0:1.8.2*255: 177360.100 Wh
1-0:2.8.0*255: 314926.000 Wh
1-0:16.7.0*255: 460.000 W
1-0:1.8.1*255: 0.000 Wh
1-0:1.8.2*255: 177360.300 Wh
1-0:2.8.0*255: 314926.000 Wh
1-0:16.7.0*255: 459.000 W
1-0:1.8.1*255: 0.000 Wh
1-0:1.8.2*255: 177360.500 Wh
1-0:2.8.0*255: 314926.000 Wh
1-0:16.7.0*255: 460.000 W
1-0:1.8.1*255: 0.000 Wh
1-0:1.8.2*255: 177360.700 Wh
1-0:2.8.0*255: 314926.000 Wh
1-0:16.7.0*255: 468.000 W
1-0:1.8.1*255: 0.000 Wh
1-0:1.8.2*255: 177360.900 Wh
1-0:2.8.0*255: 314926.000 Wh
1-0:16.7.0*255: 463.000 W
1-0:1.8.1*255: 0.000 Wh
1-0:1.8.2*255: 177361.100 Wh
1-0:2.8.0*255: 314926.000 Wh
1-0:16.7.0*255: 460.000 W
1-0:1.8.1*255: 0.000 Wh
1-0:1.8.2*255: 177361.300 Wh
1-0:2.8.0*255: 314926.000 Wh
1-0:16.7.0*255: 462.000 W
