1-0:1.8.0*255: 198927.300 Wh
1-0:16.7.0*255: 26.000 W
1-0:1.8.0*255: 198927.300 Wh
1-0:16.7.0*255: 26.000 W
1-0:1.8.0*255: 198927.300 Wh
1-0:16.7.0*255: 27.000 W
1-0:1.8.0*255: 198927.400 Wh
1-0:16.7.0*255: 27.000 W
1-0:1.8.0*255: 198927.400 Wh
1-0:16.7.0*255: 27.000 W
1-0:1.8.0*255: 198927.400 Wh
1-0:16.7.0*255: 27.000 W
1-0:1.8.0*255: 198927.400 Wh
1-0:16.7.0*255: 27.000 W
1-0:1.8.0*255: 198927.400 Wh
1-0:16.7.0*255: 25.000 W
1-0:1.8.0*255: 198927.400 Wh
1-0:16.7.0*255: 26.000 W
ERROR: Calculated message CRC is 0x11f9, but provided is 0x00e0!
1-0:1.8.0*255: 198927.400 Wh
1-0:16.7.0*255: 28.000 W
1-0:1.8.0*255: 198927.400 Wh
1-0:16.7.0*255: 27.000 W
1-0:1.8.0*255: 198927.400 Wh
1-0:16.7.0*255: 27.000 W
1-0:1.8.0*255: 198927.400 Wh
1-0:16.7.0*255: 27.000 W
1-0:1.8.0*255: 198927.400 Wh
1-0:16.7.0*255: 27.000 W
1-0:1.8.0*255: 198927.400 Wh
1-0:16.7.0*255: 26.000 W
1-0:1.8.0*255: 198927.400 Wh
1-0:16.7.0*255: 26.000 W
1-0:1.8.0*255: 198927.500 Wh
1-0:16.7.0*255: 28.000 W
