WARNING: No message CRC provided!
1-0:1.8.0*255: 2795692.700 Wh
1-0:1.8.1*255: 2795692.700 Wh
1-0:1.8.2*255: 0.000 Wh
1-0:16.7.0*255: 136.700 W
WARNING: No message CRC provided!
1-0:1.8.0*255: 2795692.800 Wh
1-0:1.8.1*255: 2795692.800 Wh
1-0:1.8.2*255: 0.000 Wh
1-0:16.7.0*255: 136.800 W
WARNING: No message CRC provided!
1-0:1.8.0*255: 2795692.900 Wh
1-0:1.8.1*255: 2795692.900 Wh
1-0:1.8.2*255: 0.000 Wh
1-0:16.7.0*255: 136.500 W
WARNING: No message CRC provided!
1-0:1.8.0*255: 2795693.000 Wh
1-0:1.8.1*255: 2795693.000 Wh
1-0:1.8.2*255: 0.000 Wh
1-0:16.7.0*255: 136.600 W
WARNING: No message CRC provided!
1-0:1.8.0*255: 2795693.100 Wh
1-0:1.8.1*255: 2795693.100 Wh
1-0:1.8.2*255: 0.000 Wh
1-0:16.7.0*255: 136.800 W
WARNING: No message CRC provided!
1-0:1.8.0*255: 2795693.200 Wh
1-0:1.8.1*255: 2795693.200 Wh
1-0:1.8.2*255: 0.000 Wh
1-0:16.7.0*255: 136.200 W
WARNING: No message CRC provided!
1-0:1.8.0*255: 2795693.300 Wh
1-0:1.8.1*255: 2795693.300 Wh
1-0:1.8.2*255: 0.000 Wh
1-0:16.7.0*255: 136.600 W
WARNING: No message CRC provided!
1-0:1.8.0*255: 2795693.400 Wh
1-0:1.8.1*255: 2795693.400 Wh
1-0:1.8.2*255: 0.000 Wh
1-0:16.7.0*255: 136.500 W
WARNING: No message CRC provided!
1-0:1.8.0*255: 2795693.500 Wh
1-0:1.8.1*255: 2795693.500 Wh
1-0:1.8.2*255: 0.000 Wh
1-0:16.7.0*255: 136.400 W
WARNING: No message CRC provided!
1-0:1.8.0*255: 2795693.600 Wh
1-0:1.8.1*255: 2795693.600 Wh
1-0:1.8.2*255: 0.000 Wh
1-0:16.7.0*255: 136.600 W
WARNING: No message CRC provided!
1-0:1.8.0*255: 2795693.700 Wh
1-0:1.8.1*255: 2795693.700 Wh
1-0:1.8.2*255: 0.000 Wh
1-0:16.7.0*255: 136.400 W
