WARNING: No message CRC provided!
INFO: Extracted a new file of 384 bytes:
      Extracted 2 messages:
SML-Message OpenResponse: Codepage=iso-8859-15, ClientId=b'', ReqFileId=b'\x05\x08\xb5v', ServerId=b'\t\x01ISK\x00\x04\x03\xdfc', RefTime=None, SmlVersion=1
SML-Message GetListResponse: ClientId=None, ServerId=b'\t\x01ISK\x00\x04\x03\xdfc', ListName=b'\x01\x00b\n\xff\xff', ActSensorTime=128972252, ListSignature=None, ActGatewayTime=None
 - ObjName=129-129:199.130.3*255, Status=0x0, ValTime=128972252, Unit=None, Scaler=10^1, Value=b'ISK', ValueSignature=b''
 - ObjName=1-0:0.0.9*255, Status=0x0, ValTime=128972252, Unit=None, Scaler=10^1, Value=b'\t\x01ISK\x00\x04\x03\xdfc', ValueSignature=b''
 - ObjName=1-0:1.8.0*255, Status=0x182, ValTime=128972252, Unit=Wh, Scaler=10^-1, Value=224624136, ValueSignature=b''
 - ObjName=1-0:1.8.1*255, Status=0x0, ValTime=128972252, Unit=Wh, Scaler=10^-1, Value=224624136, ValueSignature=b''
 - ObjName=1-0:1.8.2*255, Status=0x0, ValTime=128972252, Unit=Wh, Scaler=10^-1, Value=0, ValueSignature=b''
 - ObjName=1-0:16.7.0*255, Status=0x0, ValTime=128972252, Unit=W, Scaler=10^1, Value=168, ValueSignature=b''
 - ObjName=1-0:36.7.0*255, Status=0x0, ValTime=128972252, Unit=W, Scaler=10^1, Value=117, ValueSignature=b''
 - ObjName=1-0:56.7.0*255, Status=0x0, ValTime=128972252, Unit=W, Scaler=10^1, Value=22, ValueSignature=b''
 - ObjName=1-0:76.7.0*255, Status=0x0, ValTime=128972252, Unit=W, Scaler=10^1, Value=29, ValueSignature=b''
 - ObjName=129-129:199.130.5*255, Status=0x0, ValTime=128972252, Unit=None, Scaler=10^1, Value=b'\x0c-\xe0\\V\x02N\x1c\xd4R\x80\xf4\xa0v\x9a\x95\xe6)\xca\xe2\x05\xc5\\\x9f\x16\x83\xcaT\x19w\x8e\x1d\x9b\xcf\xa1\xc5w\xa6\xb3j\x92p\x9e\xbf\x05\xea!\xbd\x01', ValueSignature=b''
1-0:1.8.0*255: 22462413.600 Wh
1-0:1.8.1*255: 22462413.600 Wh
1-0:1.8.2*255: 0.000 Wh
1-0:16.7.0*255: 1680.000 W
1-0:36.7.0*255: 1170.000 W
1-0:56.7.0*255: 220.000 W
1-0:76.7.0*255: 290.000 W
WARNING: No message CRC provided!
INFO: Extracted a new file of 384 bytes:
      Extracted 2 messages:
SML-Message OpenResponse: Codepage=iso-8859-15, ClientId=b'', ReqFileId=b'\x05\x08\xb5w', ServerId=b'\t\x01ISK\x00\x04\x03\xdfc', RefTime=None, SmlVersion=1
SML-Message GetListResponse: ClientId=None, ServerId=b'\t\x01ISK\x00\x04\x03\xdfc', ListName=b'\x01\x00b\n\xff\xff', ActSensorTime=128972254, ListSignature=None, ActGatewayTime=None
 - ObjName=129-129:199.130.3*255, Status=0x0, ValTime=128972254, Unit=None, Scaler=10^1, Value=b'ISK', ValueSignature=b''
 - ObjName=1-0:0.0.9*255, Status=0x0, ValTime=128972254, Unit=None, Scaler=10^1, Value=b'\t\x01ISK\x00\x04\x03\xdfc', ValueSignature=b''
 - ObjName=1-0:1.8.0*255, Status=0x182, ValTime=128972254, Unit=Wh, Scaler=10^-1, Value=224624137, ValueSignature=b''
 - ObjName=1-0:1.8.1*255, Status=0x0, ValTime=128972254, Unit=Wh, Scaler=10^-1, Value=224624137, ValueSignature=b''
 - ObjName=1-0:1.8.2*255, Status=0x0, ValTime=128972254, Unit=Wh, Scaler=10^-1, Value=0, ValueSignature=b''
 - ObjName=1-0:16.7.0*255, Status=0x0, ValTime=128972254, Unit=W, Scaler=10^1, Value=171, ValueSignature=b''
 - ObjName=1-0:36.7.0*255, Status=0x0, ValTime=128972254, Unit=W, Scaler=10^1, Value=119, ValueSignature=b''
 - ObjName=1-0:56.7.0*255, Status=0x0, ValTime=128972254, Unit=W, Scaler=10^1, Value=22, ValueSignature=b''
 - ObjName=1-0:76.7.0*255, Status=0x0, ValTime=128972254, Unit=W, Scaler=10^1, Value=29, ValueSignature=b''
 - ObjName=129-129:199.130.5*255, Status=0x0, ValTime=128972254, Unit=None, Scaler=10^1, Value=b'\x0c-\xe0\\V\x02N\x1c\xd4R\x80\xf4\xa0v\x9a\x95\xe6)\xca\xe2\x05\xc5\\\x9f\x16\x83\xcaT\x19w\x8e\x1d\x9b\xcf\xa1\xc5w\xa6\xb3j\x92p\x9e\xbf\x05\xea!\xbd\x01', ValueSignature=b''
1-0:1.8.0*255: 22462413.700 Wh
1-0:1.8.1*255: 22462413.700 Wh
1-0:1.8.2*255: 0.000 Wh
1-0:16.7.0*255: 1710.000 W
1-0:36.7.0*255: 1190.000 W
1-0:56.7.0*255: 220.000 W
1-0:76.7.0*255: 290.000 W
WARNING: No message CRC provided!
INFO: Extracted a new file of 384 bytes:
      Extracted 2 messages:
SML-Message OpenResponse: Codepage=iso-8859-15, ClientId=b'', ReqFileId=b'\x05\x08\xb5x', ServerId=b'\t\x01ISK\x00\x04\x03\xdfc', RefTime=None, SmlVersion=1
SML-Message GetListResponse: ClientId=None, ServerId=b'\t\x01ISK\x00\x04\x03\xdfc', ListName=b'\x01\x00b\n\xff\xff', ActSensorTime=128972256, ListSignature=None, ActGatewayTime=None
 - ObjName=129-129:199.130.3*255, Status=0x0, ValTime=128972256, Unit=None, Scaler=10^1, Value=b'ISK', ValueSignature=b''
 - ObjName=1-0:0.0.9*255, Status=0x0, ValTime=128972256, Unit=None, Scaler=10^1, Value=b'\t\x01ISK\x00\x04\x03\xdfc', ValueSignature=b''
 - ObjName=1-0:1.8.0*255, Status=0x182, ValTime=128972256, Unit=Wh, Scaler=10^-1, Value=224624138, ValueSignature=b''
 - ObjName=1-0:1.8.1*255, Status=0x0, ValTime=128972256, Unit=Wh, Scaler=10^-1, Value=224624138, ValueSignature=b''
 - ObjName=1-0:1.8.2*255, Status=0x0, ValTime=128972256, Unit=Wh, Scaler=10^-1, Value=0, ValueSignature=b''
 - ObjName=1-0:16.7.0*255, Status=0x0, ValTime=128972256, Unit=W, Scaler=10^1, Value=173, ValueSignature=b''
 - ObjName=1-0:36.7.0*255, Status=0x0, ValTime=128972256, Unit=W, Scaler=10^1, Value=118, ValueSignature=b''
 - ObjName=1-0:56.7.0*255, Status=0x0, ValTime=128972256, Unit=W, Scaler=10^1, Value=22, ValueSignature=b''
 - ObjName=1-0:76.7.0*255, Status=0x0, ValTime=128972256, Unit=W, Scaler=10^1, Value=32, ValueSignature=b''
 - ObjName=129-129:199.130.5*255, Status=0x0, ValTime=128972256, Unit=None, Scaler=10^1, Value=b'\x0c-\xe0\\V\x02N\x1c\xd4R\x80\xf4\xa0v\x9a\x95\xe6)\xca\xe2\x05\xc5\\\x9f\x16\x83\xcaT\x19w\x8e\x1d\x9b\xcf\xa1\xc5w\xa6\xb3j\x92p\x9e\xbf\x05\xea!\xbd\x01', ValueSignature=b''
1-0:1.8.0*255: 22462413.800 Wh
1-0:1.8.1*255: 22462413.800 Wh
1-0:1.8.2*255: 0.000 Wh
1-0:16.7.0*255: 1730.000 W
1-0:36.7.0*255: 1180.000 W
1-0:56.7.0*255: 220.000 W
1-0:76.7.0*255: 320.000 W
WARNING: No message CRC provided!
INFO: Extracted a new file of 384 bytes:
      Extracted 2 messages:
SML-Message OpenResponse: Codepage=iso-8859-15, ClientId=b'', ReqFileId=b'\x05\x08\xb5y', ServerId=b'\t\x01ISK\x00\x04\x03\xdfc', RefTime=None, SmlVersion=1
SML-Message GetListResponse: ClientId=None, ServerId=b'\t\x01ISK\x00\x04\x03\xdfc', ListName=b'\x01\x00b\n\xff\xff', ActSensorTime=128972258, ListSignature=None, ActGatewayTime=None
 - ObjName=129-129:199.130.3*255, Status=0x0, ValTime=128972258, Unit=None, Scaler=10^1, Value=b'ISK', ValueSignature=b''
 - ObjName=1-0:0.0.9*255, Status=0x0, ValTime=128972258, Unit=None, Scaler=10^1, Value=b'\t\x01ISK\x00\x04\x03\xdfc', ValueSignature=b''
 - ObjName=1-0:1.8.0*255, Status=0x182, ValTime=128972258, Unit=Wh, Scaler=10^-1, Value=224624139, ValueSignature=b''
 - ObjName=1-0:1.8.1*255, Status=0x0, ValTime=128972258, Unit=Wh, Scaler=10^-1, Value=224624139, ValueSignature=b''
 - ObjName=1-0:1.8.2*255, Status=0x0, ValTime=128972258, Unit=Wh, Scaler=10^-1, Value=0, ValueSignature=b''
 - ObjName=1-0:16.7.0*255, Status=0x0, ValTime=128972258, Unit=W, Scaler=10^1, Value=168, ValueSignature=b''
 - ObjName=1-0:36.7.0*255, Status=0x0, ValTime=128972258, Unit=W, Scaler=10^1, Value=117, ValueSignature=b''
 - ObjName=1-0:56.7.0*255, Status=0x0, ValTime=128972258, Unit=W, Scaler=10^1, Value=21, ValueSignature=b''
 - ObjName=1-0:76.7.0*255, Status=0x0, ValTime=128972258, Unit=W, Scaler=10^1, Value=29, ValueSignature=b''
 - ObjName=129-129:199.130.5*255, Status=0x0, ValTime=128972258, Unit=None, Scaler=10^1, Value=b'\x0c-\xe0\\V\x02N\x1c\xd4R\x80\xf4\xa0v\x9a\x95\xe6)\xca\xe2\x05\xc5\\\x9f\x16\x83\xcaT\x19w\x8e\x1d\x9b\xcf\xa1\xc5w\xa6\xb3j\x92p\x9e\xbf\x05\xea!\xbd\x01', ValueSignature=b''
1-0:1.8.0*255: 22462413.900 Wh
1-0:1.8.1*255: 22462413.900 Wh
1-0:1.8.2*255: 0.000 Wh
1-0:16.7.0*255: 1680.000 W
1-0:36.7.0*255: 1170.000 W
1-0:56.7.0*255: 210.000 W
1-0:76.7.0*255: 290.000 W
WARNING: No message CRC provided!
INFO: Extracted a new file of 384 bytes:
      Extracted 2 messages:
SML-Message OpenResponse: Codepage=iso-8859-15, ClientId=b'', ReqFileId=b'\x05\x08\xb5z', ServerId=b'\t\x01ISK\x00\x04\x03\xdfc', RefTime=None, SmlVersion=1
SML-Message GetListResponse: ClientId=None, ServerId=b'\t\x01ISK\x00\x04\x03\xdfc', ListName=b'\x01\x00b\n\xff\xff', ActSensorTime=128972260, ListSignature=None, ActGatewayTime=None
 - ObjName=129-129:199.130.3*255, Status=0x0, ValTime=128972260, Unit=None, Scaler=10^1, Value=b'ISK', ValueSignature=b''
 - ObjName=1-0:0.0.9*255, Status=0x0, ValTime=128972260, Unit=None, Scaler=10^1, Value=b'\t\x01ISK\x00\x04\x03\xdfc', ValueSignature=b''
 - ObjName=1-0:1.8.0*255, Status=0x182, ValTime=128972260, Unit=Wh, Scaler=10^-1, Value=224624140, ValueSignature=b''
 - ObjName=1-0:1.8.1*255, Status=0x0, ValTime=128972260, Unit=Wh, Scaler=10^-1, Value=224624140, ValueSignature=b''
 - ObjName=1-0:1.8.2*255, Status=0x0, ValTime=128972260, Unit=Wh, Scaler=10^-1, Value=0, ValueSignature=b''
 - ObjName=1-0:16.7.0*255, Status=0x0, ValTime=128972260, Unit=W, Scaler=10^1, Value=168, ValueSignature=b''
 - ObjName=1-0:36.7.0*255, Status=0x0, ValTime=128972260, Unit=W, Scaler=10^1, Value=117, ValueSignature=b''
 - ObjName=1-0:56.7.0*255, Status=0x0, ValTime=128972260, Unit=W, Scaler=10^1, Value=22, ValueSignature=b''
 - ObjName=1-0:76.7.0*255, Status=0x0, ValTime=128972260, Unit=W, Scaler=10^1, Value=28, ValueSignature=b''
 - ObjName=129-129:199.130.5*255, Status=0x0, ValTime=128972260, Unit=None, Scaler=10^1, Value=b'\x0c-\xe0\\V\x02N\x1c\xd4R\x80\xf4\xa0v\x9a\x95\xe6)\xca\xe2\x05\xc5\\\x9f\x16\x83\xcaT\x19w\x8e\x1d\x9b\xcf\xa1\xc5w\xa6\xb3j\x92p\x9e\xbf\x05\xea!\xbd\x01', ValueSignature=b''
1-0:1.8.0*255: 22462414.000 Wh
1-0:1.8.1*255: 22462414.000 Wh
1-0:1.8.2*255: 0.000 Wh
1-0:16.7.0*255: 1680.000 W
1-0:36.7.0*255: 1170.000 W
1-0:56.7.0*255: 220.000 W
1-0:76.7.0*255: 280.000 W
WARNING: No message CRC provided!
INFO: Extracted a new file of 384 bytes:
      Extracted 2 messages:
SML-Message OpenResponse: Codepage=iso-8859-15, ClientId=b'', ReqFileId=b'\x05\x08\xb5{', ServerId=b'\t\x01ISK\x00\x04\x03\xdfc', RefTime=None, SmlVersion=1
SML-Message GetListResponse: ClientId=None, ServerId=b'\t\x01ISK\x00\x04\x03\xdfc', ListName=b'\x01\x00b\n\xff\xff', ActSensorTime=128972262, ListSignature=None, ActGatewayTime=None
 - ObjName=129-129:199.130.3*255, Status=0x0, ValTime=128972262, Unit=None, Scaler=10^1, Value=b'ISK', ValueSignature=b''
 - ObjName=1-0:0.0.9*255, Status=0x0, ValTime=128972262, Unit=None, Scaler=10^1, Value=b'\t\x01ISK\x00\x04\x03\xdfc', ValueSignature=b''
 - ObjName=1-0:1.8.0*255, Status=0x182, ValTime=128972262, Unit=Wh, Scaler=10^-1, Value=224624141, ValueSignature=b''
 - ObjName=1-0:1.8.1*255, Status=0x0, ValTime=128972262, Unit=Wh, Scaler=10^-1, Value=224624141, ValueSignature=b''
 - ObjName=1-0:1.8.2*255, Status=0x0, ValTime=128972262, Unit=Wh, Scaler=10^-1, Value=0, ValueSignature=b''
 - ObjName=1-0:16.7.0*255, Status=0x0, ValTime=128972262, Unit=W, Scaler=10^1, Value=170, ValueSignature=b''
 - ObjName=1-0:36.7.0*255, Status=0x0, ValTime=128972262, Unit=W, Scaler=10^1, Value=117, ValueSignature=b''
 - ObjName=1-0:56.7.0*255, Status=0x0, ValTime=128972262, Unit=W, Scaler=10^1, Value=23, ValueSignature=b''
 - ObjName=1-0:76.7.0*255, Status=0x0, ValTime=128972262, Unit=W, Scaler=10^1, Value=29, ValueSignature=b''
 - ObjName=129-129:199.130.5*255, Status=0x0, ValTime=128972262, Unit=None, Scaler=10^1, Value=b'\x0c-\xe0\\V\x02N\x1c\xd4R\x80\xf4\xa0v\x9a\x95\xe6)\xca\xe2\x05\xc5\\\x9f\x16\x83\xcaT\x19w\x8e\x1d\x9b\xcf\xa1\xc5w\xa6\xb3j\x92p\x9e\xbf\x05\xea!\xbd\x01', ValueSignature=b''
1-0:1.8.0*255: 22462414.100 Wh
1-0:1.8.1*255: 22462414.100 Wh
1-0:1.8.2*255: 0.000 Wh
1-0:16.7.0*255: 1700.000 W
1-0:36.7.0*255: 1170.000 W
1-0:56.7.0*255: 230.000 W
1-0:76.7.0*255: 290.000 W
WARNING: No message CRC provided!
INFO: Extracted a new file of 384 bytes:
      Extracted 2 messages:
SML-Message OpenResponse: Codepage=iso-8859-15, ClientId=b'', ReqFileId=b'\x05\x08\xb5|', ServerId=b'\t\x01ISK\x00\x04\x03\xdfc', RefTime=None, SmlVersion=1
SML-Message GetListResponse: ClientId=None, ServerId=b'\t\x01ISK\x00\x04\x03\xdfc', ListName=b'\x01\x00b\n\xff\xff', ActSensorTime=128972264, ListSignature=None, ActGatewayTime=None
 - ObjName=129-129:199.130.3*255, Status=0x0, ValTime=128972264, Unit=None, Scaler=10^1, Value=b'ISK', ValueSignature=b''
 - ObjName=1-0:0.0.9*255, Status=0x0, ValTime=128972264, Unit=None, Scaler=10^1, Value=b'\t\x01ISK\x00\x04\x03\xdfc', ValueSignature=b''
 - ObjName=1-0:1.8.0*255, Status=0x182, ValTime=128972264, Unit=Wh, Scaler=10^-1, Value=224624142, ValueSignature=b''
 - ObjName=1-0:1.8.1*255, Status=0x0, ValTime=128972264, Unit=Wh, Scaler=10^-1, Value=224624142, ValueSignature=b''
 - ObjName=1-0:1.8.2*255, Status=0x0, ValTime=128972264, Unit=Wh, Scaler=10^-1, Value=0, ValueSignature=b''
 - ObjName=1-0:16.7.0*255, Status=0x0, ValTime=128972264, Unit=W, Scaler=10^1, Value=171, ValueSignature=b''
 - ObjName=1-0:36.7.0*255, Status=0x0, ValTime=128972264, Unit=W, Scaler=10^1, Value=119, ValueSignature=b''
 - ObjName=1-0:56.7.0*255, Status=0x0, ValTime=128972264, Unit=W, Scaler=10^1, Value=23, ValueSignature=b''
 - ObjName=1-0:76.7.0*255, Status=0x0, ValTime=128972264, Unit=W, Scaler=10^1, Value=29, ValueSignature=b''
 - ObjName=129-129:199.130.5*255, Status=0x0, ValTime=128972264, Unit=None, Scaler=10^1, Value=b'\x0c-\xe0\\V\x02N\x1c\xd4R\x80\xf4\xa0v\x9a\x95\xe6)\xca\xe2\x05\xc5\\\x9f\x16\x83\xcaT\x19w\x8e\x1d\x9b\xcf\xa1\xc5w\xa6\xb3j\x92p\x9e\xbf\x05\xea!\xbd\x01', ValueSignature=b''
1-0:1.8.0*255: 22462414.200 Wh
1-0:1.8.1*255: 22462414.200 Wh
1-0:1.8.2*255: 0.000 Wh
1-0:16.7.0*255: 1710.000 W
1-0:36.7.0*255: 1190.000 W
1-0:56.7.0*255: 230.000 W
1-0:76.7.0*255: 290.000 W
WARNING: No message CRC provided!
INFO: Extracted a new file of 384 bytes:
      Extracted 2 messages:
SML-Message OpenResponse: Codepage=iso-8859-15, ClientId=b'', ReqFileId=b'\x05\x08\xb5}', ServerId=b'\t\x01ISK\x00\x04\x03\xdfc', RefTime=None, SmlVersion=1
SML-Message GetListResponse: ClientId=None, ServerId=b'\t\x01ISK\x00\x04\x03\xdfc', ListName=b'\x01\x00b\n\xff\xff', ActSensorTime=128972266, ListSignature=None, ActGatewayTime=None
 - ObjName=129-129:199.130.3*255, Status=0x0, ValTime=128972266, Unit=None, Scaler=10^1, Value=b'ISK', ValueSignature=b''
 - ObjName=1-0:0.0.9*255, Status=0x0, ValTime=128972266, Unit=None, Scaler=10^1, Value=b'\t\x01ISK\x00\x04\x03\xdfc', ValueSignature=b''
 - ObjName=1-0:1.8.0*255, Status=0x182, ValTime=128972266, Unit=Wh, Scaler=10^-1, Value=224624143, ValueSignature=b''
 - ObjName=1-0:1.8.1*255, Status=0x0, ValTime=128972266, Unit=Wh, Scaler=10^-1, Value=224624143, ValueSignature=b''
 - ObjName=1-0:1.8.2*255, Status=0x0, ValTime=128972266, Unit=Wh, Scaler=10^-1, Value=0, ValueSignature=b''
 - ObjName=1-0:16.7.0*255, Status=0x0, ValTime=128972266, Unit=W, Scaler=10^1, Value=170, ValueSignature=b''
 - ObjName=1-0:36.7.0*255, Status=0x0, ValTime=128972266, Unit=W, Scaler=10^1, Value=118, ValueSignature=b''
 - ObjName=1-0:56.7.0*255, Status=0x0, ValTime=128972266, Unit=W, Scaler=10^1, Value=22, ValueSignature=b''
 - ObjName=1-0:76.7.0*255, Status=0x0, ValTime=128972266, Unit=W, Scaler=10^1, Value=29, ValueSignature=b''
 - ObjName=129-129:199.130.5*255, Status=0x0, ValTime=128972266, Unit=None, Scaler=10^1, Value=b'\x0c-\xe0\\V\x02N\x1c\xd4R\x80\xf4\xa0v\x9a\x95\xe6)\xca\xe2\x05\xc5\\\x9f\x16\x83\xcaT\x19w\x8e\x1d\x9b\xcf\xa1\xc5w\xa6\xb3j\x92p\x9e\xbf\x05\xea!\xbd\x01', ValueSignature=b''
1-0:1.8.0*255: 22462414.300 Wh
1-0:1.8.1*255: 22462414.300 Wh
1-0:1.8.2*255: 0.000 Wh
1-0:16.7.0*255: 1700.000 W
1-0:36.7.0*255: 1180.000 W
1-0:56.7.0*255: 220.000 W
1-0:76.7.0*255: 290.000 W
WARNING: No message CRC provided!
INFO: Extracted a new file of 384 bytes:
      Extracted 2 messages:
SML-Message OpenResponse: Codepage=iso-8859-15, ClientId=b'', ReqFileId=b'\x05\x08\xb5~', ServerId=b'\t\x01ISK\x00\x04\x03\xdfc', RefTime=None, SmlVersion=1
SML-Message GetListResponse: ClientId=None, ServerId=b'\t\x01ISK\x00\x04\x03\xdfc', ListName=b'\x01\x00b\n\xff\xff', ActSensorTime=128972268, ListSignature=None, ActGatewayTime=None
 - ObjName=129-129:199.130.3*255, Status=0x0, ValTime=128972268, Unit=None, Scaler=10^1, Value=b'ISK', ValueSignature=b''
 - ObjName=1-0:0.0.9*255, Status=0x0, ValTime=128972268, Unit=None, Scaler=10^1, Value=b'\t\x01ISK\x00\x04\x03\xdfc', ValueSignature=b''
 - ObjName=1-0:1.8.0*255, Status=0x182, ValTime=128972268, Unit=Wh, Scaler=10^-1, Value=224624144, ValueSignature=b''
 - ObjName=1-0:1.8.1*255, Status=0x0, ValTime=128972268, Unit=Wh, Scaler=10^-1, Value=224624144, ValueSignature=b''
 - ObjName=1-0:1.8.2*255, Status=0x0, ValTime=128972268, Unit=Wh, Scaler=10^-1, Value=0, ValueSignature=b''
 - ObjName=1-0:16.7.0*255, Status=0x0, ValTime=128972268, Unit=W, Scaler=10^1, Value=171, ValueSignature=b''
 - ObjName=1-0:36.7.0*255, Status=0x0, ValTime=128972268, Unit=W, Scaler=10^1, Value=119, ValueSignature=b''
 - ObjName=1-0:56.7.0*255, Status=0x0, ValTime=128972268, Unit=W, Scaler=10^1, Value=21, ValueSignature=b''
 - ObjName=1-0:76.7.0*255, Status=0x0, ValTime=128972268, Unit=W, Scaler=10^1, Value=30, ValueSignature=b''
 - ObjName=129-129:199.130.5*255, Status=0x0, ValTime=128972268, Unit=None, Scaler=10^1, Value=b'\x0c-\xe0\\V\x02N\x1c\xd4R\x80\xf4\xa0v\x9a\x95\xe6)\xca\xe2\x05\xc5\\\x9f\x16\x83\xcaT\x19w\x8e\x1d\x9b\xcf\xa1\xc5w\xa6\xb3j\x92p\x9e\xbf\x05\xea!\xbd\x01', ValueSignature=b''
1-0:1.8.0*255: 22462414.400 Wh
1-0:1.8.1*255: 22462414.400 Wh
1-0:1.8.2*255: 0.000 Wh
1-0:16.7.0*255: 1710.000 W
1-0:36.7.0*255: 1190.000 W
1-0:56.7.0*255: 210.000 W
1-0:76.7.0*255: 300.000 W
WARNING: No message CRC provided!
INFO: Extracted a new file of 384 bytes:
      Extracted 2 messages:
SML-Message OpenResponse: Codepage=iso-8859-15, ClientId=b'', ReqFileId=b'\x05\x08\xb5\x7f', ServerId=b'\t\x01ISK\x00\x04\x03\xdfc', RefTime=None, SmlVersion=1
SML-Message GetListResponse: ClientId=None, ServerId=b'\t\x01ISK\x00\x04\x03\xdfc', ListName=b'\x01\x00b\n\xff\xff', ActSensorTime=128972270, ListSignature=None, ActGatewayTime=None
 - ObjName=129-129:199.130.3*255, Status=0x0, ValTime=128972270, Unit=None, Scaler=10^1, Value=b'ISK', ValueSignature=b''
 - ObjName=1-0:0.0.9*255, Status=0x0, ValTime=128972270, Unit=None, Scaler=10^1, Value=b'\t\x01ISK\x00\x04\x03\xdfc', ValueSignature=b''
 - ObjName=1-0:1.8.0*255, Status=0x182, ValTime=128972270, Unit=Wh, Scaler=10^-1, Value=224624145, ValueSignature=b''
 - ObjName=1-0:1.8.1*255, Status=0x0, ValTime=128972270, Unit=Wh, Scaler=10^-1, Value=224624145, ValueSignature=b''
 - ObjName=1-0:1.8.2*255, Status=0x0, ValTime=128972270, Unit=Wh, Scaler=10^-1, Value=0, ValueSignature=b''
 - ObjName=1-0:16.7.0*255, Status=0x0, ValTime=128972270, Unit=W, Scaler=10^1, Value=169, ValueSignature=b''
 - ObjName=1-0:36.7.0*255, Status=0x0, ValTime=128972270, Unit=W, Scaler=10^1, Value=118, ValueSignature=b''
 - ObjName=1-0:56.7.0*255, Status=0x0, ValTime=128972270, Unit=W, Scaler=10^1, Value=22, ValueSignature=b''
 - ObjName=1-0:76.7.0*255, Status=0x0, ValTime=128972270, Unit=W, Scaler=10^1, Value=28, ValueSignature=b''
 - ObjName=129-129:199.130.5*255, Status=0x0, ValTime=128972270, Unit=None, Scaler=10^1, Value=b'\x0c-\xe0\\V\x02N\x1c\xd4R\x80\xf4\xa0v\x9a\x95\xe6)\xca\xe2\x05\xc5\\\x9f\x16\x83\xcaT\x19w\x8e\x1d\x9b\xcf\xa1\xc5w\xa6\xb3j\x92p\x9e\xbf\x05\xea!\xbd\x01', ValueSignature=b''
1-0:1.8.0*255: 22462414.500 Wh
1-0:1.8.1*255: 22462414.500 Wh
1-0:1.8.2*255: 0.000 Wh
1-0:16.7.0*255: 1690.000 W
1-0:36.7.0*255: 1180.000 W
1-0:56.7.0*255: 220.000 W
1-0:76.7.0*255: 280.000 W
