INFO: Extracted a new file of 216 bytes:
      Extracted 3 messages:
SML-Message OpenResponse: Codepage=iso-8859-15, ClientId=b'', ReqFileId=b'\x00h*\xbb', ServerId=b'\n\x01ISK\x00\x042^\xc5', RefTime=6825875, SmlVersion=1
SML-Message GetListResponse: ClientId=None, ServerId=b'\n\x01ISK\x00\x042^\xc5', ListName=b'\x01\x00b\n\xff\xff', ActSensorTime=6825875, ListSignature=None, ActGatewayTime=None
 - ObjName=1-0:96.50.1*1, Status=0x0, ValTime=6825875, Unit=None, Scaler=10^1, Value=b'ISK', ValueSignature=b''
 - ObjName=1-0:96.1.0*255, Status=0x0, ValTime=6825875, Unit=None, Scaler=10^1, Value=b'\n\x01ISK\x00\x042^\xc5', ValueSignature=b''
 - ObjName=1-0:1.8.0*255, Status=0x1c8104, ValTime=6825875, Unit=Wh, Scaler=10^-1, Value=1989273, ValueSignature=b''
 - ObjName=1-0:16.7.0*255, Status=0x0, ValTime=6825875, Unit=W, Scaler=10^1, Value=26, ValueSignature=b''
SML-Message CloseResponse: GlobalSignature=None
1-0:1.8.0*255: 198927.300 Wh
1-0:16.7.0*255: 260.000 W
INFO: Extracted a new file of 216 bytes:
      Extracted 3 messages:
SML-Message OpenResponse: Codepage=iso-8859-15, ClientId=b'', ReqFileId=b'\x00h*\xbc', ServerId=b'\n\x01ISK\x00\x042^\xc5', RefTime=6825876, SmlVersion=1
SML-Message GetListResponse: ClientId=None, ServerId=b'\n\x01ISK\x00\x042^\xc5', ListName=b'\x01\x00b\n\xff\xff', ActSensorTime=6825876, ListSignature=None, ActGatewayTime=None
 - ObjName=1-0:96.50.1*1, Status=0x0, ValTime=6825876, Unit=None, Scaler=10^1, Value=b'ISK', ValueSignature=b''
 - ObjName=1-0:96.1.0*255, Status=0x0, ValTime=6825876, Unit=None, Scaler=10^1, Value=b'\n\x01ISK\x00\x042^\xc5', ValueSignature=b''
 - ObjName=1-0:1.8.0*255, Status=0x1c8104, ValTime=6825876, Unit=Wh, Scaler=10^-1, Value=1989273, ValueSignature=b''
 - ObjName=1-0:16.7.0*255, Status=0x0, ValTime=6825876, Unit=W, Scaler=10^1, Value=26, ValueSignature=b''
SML-Message CloseResponse: GlobalSignature=None
1-0:1.8.0*255: 198927.300 Wh
1-0:16.7.0*255: 260.000 W
INFO: Extracted a new file of 216 bytes:
      Extracted 3 messages:
SML-Message OpenResponse: Codepage=iso-8859-15, ClientId=b'', ReqFileId=b'\x00h*\xbd', ServerId=b'\n\x01ISK\x00\x042^\xc5', RefTime=6825877, SmlVersion=1
SML-Message GetListResponse: ClientId=None, ServerId=b'\n\x01ISK\x00\x042^\xc5', ListName=b'\x01\x00b\n\xff\xff', ActSensorTime=6825877, ListSignature=None, ActGatewayTime=None
 - ObjName=1-0:96.50.1*1, Status=0x0, ValTime=6825877, Unit=None, Scaler=10^1, Value=b'ISK', ValueSignature=b''
 - ObjName=1-0:96.1.0*255, Status=0x0, ValTime=6825877, Unit=None, Scaler=10^1, Value=b'\n\x01ISK\x00\x042^\xc5', ValueSignature=b''
 - ObjName=1-0:1.8.0*255, Status=0x1c8104, ValTime=6825877, Unit=Wh, Scaler=10^-1, Value=1989273, ValueSignature=b''
 - ObjName=1-0:16.7.0*255, Status=0x0, ValTime=6825877, Unit=W, Scaler=10^1, Value=27, ValueSignature=b''
SML-Message CloseResponse: GlobalSignature=None
1-0:1.8.0*255: 198927.300 Wh
1-0:16.7.0*255: 270.000 W
INFO: Extracted a new file of 216 bytes:
      Extracted 3 messages:
SML-Message OpenResponse: Codepage=iso-8859-15, ClientId=b'', ReqFileId=b'\x00h*\xbe', ServerId=b'\n\x01ISK\x00\x042^\xc5', RefTime=6825878, SmlVersion=1
SML-Message GetListResponse: ClientId=None, ServerId=b'\n\x01ISK\x00\x042^\xc5', ListName=b'\x01\x00b\n\xff\xff', ActSensorTime=6825878, ListSignature=None, ActGatewayTime=None
 - ObjName=1-0:96.50.1*1, Status=0x0, ValTime=6825878, Unit=None, Scaler=10^1, Value=b'ISK', ValueSignature=b''
 - ObjName=1-0:96.1.0*255, Status=0x0, ValTime=6825878, Unit=None, Scaler=10^1, Value=b'\n\x01ISK\x00\x042^\xc5', ValueSignature=b''
 - ObjName=1-0:1.8.0*255, Status=0x1c8104, ValTime=6825878, Unit=Wh, Scaler=10^-1, Value=1989274, ValueSignature=b''
 - ObjName=1-0:16.7.0*255, Status=0x0, ValTime=6825878, Unit=W, Scaler=10^1, Value=27, ValueSignature=b''
SML-Message CloseResponse: GlobalSignature=None
1-0:1.8.0*255: 198927.400 Wh
1-0:16.7.0*255: 270.000 W
INFO: Extracted a new file of 216 bytes:
      Extracted 3 messages:
SML-Message OpenResponse: Codepage=iso-8859-15, ClientId=b'', ReqFileId=b'\x00h*\xbf', ServerId=b'\n\x01ISK\x00\x042^\xc5', RefTime=6825879, SmlVersion=1
SML-Message GetListResponse: ClientId=None, ServerId=b'\n\x01ISK\x00\x042^\xc5', ListName=b'\x01\x00b\n\xff\xff', ActSensorTime=6825879, ListSignature=None, ActGatewayTime=None
 - ObjName=1-0:96.50.1*1, Status=0x0, ValTime=6825879, Unit=None, Scaler=10^1, Value=b'ISK', ValueSignature=b''
 - ObjName=1-0:96.1.0*255, Status=0x0, ValTime=6825879, Unit=None, Scaler=10^1, Value=b'\n\x01ISK\x00\x042^\xc5', ValueSignature=b''
 - ObjName=1-0:1.8.0*255, Status=0x1c8104, ValTime=6825879, Unit=Wh, Scaler=10^-1, Value=1989274, ValueSignature=b''
 - ObjName=1-0:16.7.0*255, Status=0x0, ValTime=6825879, Unit=W, Scaler=10^1, Value=27, ValueSignature=b''
SML-Message CloseResponse: GlobalSignature=None
1-0:1.8.0*255: 198927.400 Wh
1-0:16.7.0*255: 270.000 W
INFO: Extracted a new file of 216 bytes:
      Extracted 3 messages:
SML-Message OpenResponse: Codepage=iso-8859-15, ClientId=b'', ReqFileId=b'\x00h*\xc0', ServerId=b'\n\x01ISK\x00\x042^\xc5', RefTime=6825880, SmlVersion=1
SML-Message GetListResponse: ClientId=None, ServerId=b'\n\x01ISK\x00\x042^\xc5', ListName=b'\x01\x00b\n\xff\xff', ActSensorTime=6825880, ListSignature=None, ActGatewayTime=None
 - ObjName=1-0:96.50.1*1, Status=0x0, ValTime=6825880, Unit=None, Scaler=10^1, Value=b'ISK', ValueSignature=b''
 - ObjName=1-0:96.1.0*255, Status=0x0, ValTime=6825880, Unit=None, Scaler=10^1, Value=b'\n\x01ISK\x00\x042^\xc5', ValueSignature=b''
 - ObjName=1-0:1.8.0*255, Status=0x1c8104, ValTime=6825880, Unit=Wh, Scaler=10^-1, Value=1989274, ValueSignature=b''
 - ObjName=1-0:16.7.0*255, Status=0x0, ValTime=6825880, Unit=W, Scaler=10^1, Value=27, ValueSignature=b''
SML-Message CloseResponse: GlobalSignature=None
1-0:1.8.0*255: 198927.400 Wh
1-0:16.7.0*255: 270.000 W
INFO: Extracted a new file of 216 bytes:
      Extracted 3 messages:
SML-Message OpenResponse: Codepage=iso-8859-15, ClientId=b'', ReqFileId=b'\x00h*\xc1', ServerId=b'\n\x01ISK\x00\x042^\xc5', RefTime=6825881, SmlVersion=1
SML-Message GetListResponse: ClientId=None, ServerId=b'\n\x01ISK\x00\x042^\xc5', ListName=b'\x01\x00b\n\xff\xff', ActSensorTime=6825881, ListSignature=None, ActGatewayTime=None
 - ObjName=1-0:96.50.1*1, Status=0x0, ValTime=6825881, Unit=None, Scaler=10^1, Value=b'ISK', ValueSignature=b''
 - ObjName=1-0:96.1.0*255, Status=0x0, ValTime=6825881, Unit=None, Scaler=10^1, Value=b'\n\x01ISK\x00\x042^\xc5', ValueSignature=b''
 - ObjName=1-0:1.8.0*255, Status=0x1c8104, ValTime=6825881, Unit=Wh, Scaler=10^-1, Value=1989274, ValueSignature=b''
 - ObjName=1-0:16.7.0*255, Status=0x0, ValTime=6825881, Unit=W, Scaler=10^1, Value=27, ValueSignature=b''
SML-Message CloseResponse: GlobalSignature=None
1-0:1.8.0*255: 198927.400 Wh
1-0:16.7.0*255: 270.000 W
INFO: Extracted a new file of 216 bytes:
      Extracted 3 messages:
SML-Message OpenResponse: Codepage=iso-8859-15, ClientId=b'', ReqFileId=b'\x00h*\xc2', ServerId=b'\n\x01ISK\x00\x042^\xc5', RefTime=6825882, SmlVersion=1
SML-Message GetListResponse: ClientId=None, ServerId=b'\n\x01ISK\x00\x042^\xc5', ListName=b'\x01\x00b\n\xff\xff', ActSensorTime=6825882, ListSignature=None, ActGatewayTime=None
 - ObjName=1-0:96.50.1*1, Status=0x0, ValTime=6825882, Unit=None, Scaler=10^1, Value=b'ISK', ValueSignature=b''
 - ObjName=1-0:96.1.0*255, Status=0x0, ValTime=6825882, Unit=None, Scaler=10^1, Value=b'\n\x01ISK\x00\x042^\xc5', ValueSignature=b''
 - ObjName=1-0:1.8.0*255, Status=0x1c8104, ValTime=6825882, Unit=Wh, Scaler=10^-1, Value=1989274, ValueSignature=b''
 - ObjName=1-0:16.7.0*255, Status=0x0, ValTime=6825882, Unit=W, Scaler=10^1, Value=25, ValueSignature=b''
SML-Message CloseResponse: GlobalSignature=None
1-0:1.8.0*255: 198927.400 Wh
1-0:16.7.0*255: 250.000 W
INFO: Extracted a new file of 216 bytes:
      Extracted 3 messages:
SML-Message OpenResponse: Codepage=iso-8859-15, ClientId=b'', ReqFileId=b'\x00h*\xc3', ServerId=b'\n\x01ISK\x00\x042^\xc5', RefTime=6825883, SmlVersion=1
SML-Message GetListResponse: ClientId=None, ServerId=b'\n\x01ISK\x00\x042^\xc5', ListName=b'\x01\x00b\n\xff\xff', ActSensorTime=6825883, ListSignature=None, ActGatewayTime=None
 - ObjName=1-0:96.50.1*1, Status=0x0, ValTime=6825883, Unit=None, Scaler=10^1, Value=b'ISK', ValueSignature=b''
 - ObjName=1-0:96.1.0*255, Status=0x0, ValTime=6825883, Unit=None, Scaler=10^1, Value=b'\n\x01ISK\x00\x042^\xc5', ValueSignature=b''
 - ObjName=1-0:1.8.0*255, Status=0x1c8104, ValTime=6825883, Unit=Wh, Scaler=10^-1, Value=1989274, ValueSignature=b''
 - ObjName=1-0:16.7.0*255, Status=0x0, ValTime=6825883, Unit=W, Scaler=10^1, Value=26, ValueSignature=b''
SML-Message CloseResponse: GlobalSignature=None
1-0:1.8.0*255: 198927.400 Wh
1-0:16.7.0*255: 260.000 W
ERROR: Calculated message CRC is 0x11f9, but provided is 0x00e0!
INFO: Extracted a new file of 216 bytes:
      Extracted 2 messages:
SML-Message OpenResponse: Codepage=iso-8859-15, ClientId=b'', ReqFileId=b'\x00h*\xc4', ServerId=b'\n\x01ISK\x00\x042^\xc5', RefTime=6825884, SmlVersion=1
SML-Message CloseResponse: GlobalSignature=None
INFO: Extracted a new file of 216 bytes:
      Extracted 3 messages:
SML-Message OpenResponse: Codepage=iso-8859-15, ClientId=b'', ReqFileId=b'\x00h*\xc5', ServerId=b'\n\x01ISK\x00\x042^\xc5', RefTime=6825885, SmlVersion=1
SML-Message GetListResponse: ClientId=None, ServerId=b'\n\x01ISK\x00\x042^\xc5', ListName=b'\x01\x00b\n\xff\xff', ActSensorTime=6825885, ListSignature=None, ActGatewayTime=None
 - ObjName=1-0:96.50.1*1, Status=0x0, ValTime=6825885, Unit=None, Scaler=10^1, Value=b'ISK', ValueSignature=b''
 - ObjName=1-0:96.1.0*255, Status=0x0, ValTime=6825885, Unit=None, Scaler=10^1, Value=b'\n\x01ISK\x00\x042^\xc5', ValueSignature=b''
 - ObjName=1-0:1.8.0*255, Status=0x1c8104, ValTime=6825885, Unit=Wh, Scaler=10^-1, Value=1989274, ValueSignature=b''
 - ObjName=1-0:16.7.0*255, Status=0x0, ValTime=6825885, Unit=W, Scaler=10^1, Value=28, ValueSignature=b''
SML-Message CloseResponse: GlobalSignature=None
1-0:1.8.0*255: 198927.400 Wh
1-0:16.7.0*255: 280.000 W
INFO: Extracted a new file of 216 bytes:
      Extracted 3 messages:
SML-Message OpenResponse: Codepage=iso-8859-15, ClientId=b'', ReqFileId=b'\x00h*\xc6', ServerId=b'\n\x01ISK\x00\x042^\xc5', RefTime=6825886, SmlVersion=1
SML-Message GetListResponse: ClientId=None, ServerId=b'\n\x01ISK\x00\x042^\xc5', ListName=b'\x01\x00b\n\xff\xff', ActSensorTime=6825886, ListSignature=None, ActGatewayTime=None
 - ObjName=1-0:96.50.1*1, Status=0x0, ValTime=6825886, Unit=None, Scaler=10^1, Value=b'ISK', ValueSignature=b''
 - ObjName=1-0:96.1.0*255, Status=0x0, ValTime=6825886, Unit=None, Scaler=10^1, Value=b'\n\x01ISK\x00\x042^\xc5', ValueSignature=b''
 - ObjName=1-0:1.8.0*255, Status=0x1c8104, ValTime=6825886, Unit=Wh, Scaler=10^-1, Value=1989274, ValueSignature=b''
 - ObjName=1-0:16.7.0*255, Status=0x0, ValTime=6825886, Unit=W, Scaler=10^1, Value=27, ValueSignature=b''
SML-Message CloseResponse: GlobalSignature=None
1-0:1.8.0*255: 198927.400 Wh
1-0:16.7.0*255: 270.000 W
INFO: Extracted a new file of 216 bytes:
      Extracted 3 messages:
SML-Message OpenResponse: Codepage=iso-8859-15, ClientId=b'', ReqFileId=b'\x00h*\xc7', ServerId=b'\n\x01ISK\x00\x042^\xc5', RefTime=6825887, SmlVersion=1
SML-Message GetListResponse: ClientId=None, ServerId=b'\n\x01ISK\x00\x042^\xc5', ListName=b'\x01\x00b\n\xff\xff', ActSensorTime=6825887, ListSignature=None, ActGatewayTime=None
 - ObjName=1-0:96.50.1*1, Status=0x0, ValTime=6825887, Unit=None, Scaler=10^1, Value=b'ISK', ValueSignature=b''
 - ObjName=1-0:96.1.0*255, Status=0x0, ValTime=6825887, Unit=None, Scaler=10^1, Value=b'\n\x01ISK\x00\x042^\xc5', ValueSignature=b''
 - ObjName=1-0:1.8.0*255, Status=0x1c8104, ValTime=6825887, Unit=Wh, Scaler=10^-1, Value=1989274, ValueSignature=b''
 - ObjName=1-0:16.7.0*255, Status=0x0, ValTime=6825887, Unit=W, Scaler=10^1, Value=27, ValueSignature=b''
SML-Message CloseResponse: GlobalSignature=None
1-0:1.8.0*255: 198927.400 Wh
1-0:16.7.0*255: 270.000 W
INFO: Extracted a new file of 216 bytes:
      Extracted 3 messages:
SML-Message OpenResponse: Codepage=iso-8859-15, ClientId=b'', ReqFileId=b'\x00h*\xc8', ServerId=b'\n\x01ISK\x00\x042^\xc5', RefTime=6825888, SmlVersion=1
SML-Message GetListResponse: ClientId=None, ServerId=b'\n\x01ISK\x00\x042^\xc5', ListName=b'\x01\x00b\n\xff\xff', ActSensorTime=6825888, ListSignature=None, ActGatewayTime=None
 - ObjName=1-0:96.50.1*1, Status=0x0, ValTime=6825888, Unit=None, Scaler=10^1, Value=b'ISK', ValueSignature=b''
 - ObjName=1-0:96.1.0*255, Status=0x0, ValTime=6825888, Unit=None, Scaler=10^1, Value=b'\n\x01ISK\x00\x042^\xc5', ValueSignature=b''
 - ObjName=1-0:1.8.0*255, Status=0x1c8104, ValTime=6825888, Unit=Wh, Scaler=10^-1, Value=1989274, ValueSignature=b''
 - ObjName=1-0:16.7.0*255, Status=0x0, ValTime=6825888, Unit=W, Scaler=10^1, Value=27, ValueSignature=b''
SML-Message CloseResponse: GlobalSignature=None
1-0:1.8.0*255: 198927.400 Wh
1-0:16.7.0*255: 270.000 W
INFO: Extracted a new file of 216 bytes:
      Extracted 3 messages:
SML-Message OpenResponse: Codepage=iso-8859-15, ClientId=b'', ReqFileId=b'\x00h*\xc9', ServerId=b'\n\x01ISK\x00\x042^\xc5', RefTime=6825889, SmlVersion=1
SML-Message GetListResponse: ClientId=None, ServerId=b'\n\x01ISK\x00\x042^\xc5', ListName=b'\x01\x00b\n\xff\xff', ActSensorTime=6825889, ListSignature=None, ActGatewayTime=None
 - ObjName=1-0:96.50.1*1, Status=0x0, ValTime=6825889, Unit=None, Scaler=10^1, Value=b'ISK', ValueSignature=b''
 - ObjName=1-0:96.1.0*255, Status=0x0, ValTime=6825889, Unit=None, Scaler=10^1, Value=b'\n\x01ISK\x00\x042^\xc5', ValueSignature=b''
 - ObjName=1-0:1.8.0*255, Status=0x1c8104, ValTime=6825889, Unit=Wh, Scaler=10^-1, Value=1989274, ValueSignature=b''
 - ObjName=1-0:16.7.0*255, Status=0x0, ValTime=6825889, Unit=W, Scaler=10^1, Value=27, ValueSignature=b''
SML-Message CloseResponse: GlobalSignature=None
1-0:1.8.0*255: 198927.400 Wh
1-0:16.7.0*255: 270.000 W
INFO: Extracted a new file of 216 bytes:
      Extracted 3 messages:
SML-Message OpenResponse: Codepage=iso-8859-15, ClientId=b'', ReqFileId=b'\x00h*\xca', ServerId=b'\n\x01ISK\x00\x042^\xc5', RefTime=6825890, SmlVersion=1
SML-Message GetListResponse: ClientId=None, ServerId=b'\n\x01ISK\x00\x042^\xc5', ListName=b'\x01\x00b\n\xff\xff', ActSensorTime=6825890, ListSignature=None, ActGatewayTime=None
 - ObjName=1-0:96.50.1*1, Status=0x0, ValTime=6825890, Unit=None, Scaler=10^1, Value=b'ISK', ValueSignature=b''
 - ObjName=1-0:96.1.0*255, Status=0x0, ValTime=6825890, Unit=None, Scaler=10^1, Value=b'\n\x01ISK\x00\x042^\xc5', ValueSignature=b''
 - ObjName=1-0:1.8.0*255, Status=0x1c8104, ValTime=6825890, Unit=Wh, Scaler=10^-1, Value=1989274, ValueSignature=b''
 - ObjName=1-0:16.7.0*255, Status=0x0, ValTime=6825890, Unit=W, Scaler=10^1, Value=26, ValueSignature=b''
SML-Message CloseResponse: GlobalSignature=None
1-0:1.8.0*255: 198927.400 Wh
1-0:16.7.0*255: 260.000 W
INFO: Extracted a new file of 216 bytes:
      Extracted 3 messages:
SML-Message OpenResponse: Codepage=iso-8859-15, ClientId=b'', ReqFileId=b'\x00h*\xcb', ServerId=b'\n\x01ISK\x00\x042^\xc5', RefTime=6825891, SmlVersion=1
SML-Message GetListResponse: ClientId=None, ServerId=b'\n\x01ISK\x00\x042^\xc5', ListName=b'\x01\x00b\n\xff\xff', ActSensorTime=6825891, ListSignature=None, ActGatewayTime=None
 - ObjName=1-0:96.50.1*1, Status=0x0, ValTime=6825891, Unit=None, Scaler=10^1, Value=b'ISK', ValueSignature=b''
 - ObjName=1-0:96.1.0*255, Status=0x0, ValTime=6825891, Unit=None, Scaler=10^1, Value=b'\n\x01ISK\x00\x042^\xc5', ValueSignature=b''
 - ObjName=1-0:1.8.0*255, Status=0x1c8104, ValTime=6825891, Unit=Wh, Scaler=10^-1, Value=1989274, ValueSignature=b''
 - ObjName=1-0:16.7.0*255, Status=0x0, ValTime=6825891, Unit=W, Scaler=10^1, Value=26, ValueSignature=b''
SML-Message CloseResponse: GlobalSignature=None
1-0:1.8.0*255: 198927.400 Wh
1-0:16.7.0*255: 260.000 W
INFO: Extracted a new file of 216 bytes:
      Extracted 3 messages:
SML-Message OpenResponse: Codepage=iso-8859-15, ClientId=b'', ReqFileId=b'\x00h*\xcc', ServerId=b'\n\x01ISK\x00\x042^\xc5', RefTime=6825892, SmlVersion=1
SML-Message GetListResponse: ClientId=None, ServerId=b'\n\x01ISK\x00\x042^\xc5', ListName=b'\x01\x00b\n\xff\xff', ActSensorTime=6825892, ListSignature=None, ActGatewayTime=None
 - ObjName=1-0:96.50.1*1, Status=0x0, ValTime=6825892, Unit=None, Scaler=10^1, Value=b'ISK', ValueSignature=b''
 - ObjName=1-0:96.1.0*255, Status=0x0, ValTime=6825892, Unit=None, Scaler=10^1, Value=b'\n\x01ISK\x00\x042^\xc5', ValueSignature=b''
 - ObjName=1-0:1.8.0*255, Status=0x1c8104, ValTime=6825892, Unit=Wh, Scaler=10^-1, Value=1989275, ValueSignature=b''
 - ObjName=1-0:16.7.0*255, Status=0x0, ValTime=6825892, Unit=W, Scaler=10^1, Value=28, ValueSignature=b''
SML-Message CloseResponse: GlobalSignature=None
1-0:1.8.0*255: 198927.500 Wh
1-0:16.7.0*255: 280.000 W
