WARNING: No message CRC provided!
INFO: Extracted a new file of 312 bytes:
      Extracted 2 messages:
SML-Message OpenResponse: Codepage=iso-8859-15, ClientId=b'', ReqFileId=b'\x00\x19\x07\nz\x98', ServerId=b'\x01\xa8\x15\x98d\x80\x02\x01\x02', RefTime=None, SmlVersion=1
SML-Message GetListResponse: ClientId=None, ServerId=b'\x01\xa8\x15\x98d\x80\x02\x01\x02', ListName=None, ActSensorTime=118137421, ListSignature=None, ActGatewayTime=None
 - ObjName=129-129:199.130.3*255, Status=0x0, ValTime=118137421, Unit=None, Scaler=10^1, Value=b'EMH', ValueSignature=b''
 - ObjName=1-0:0.0.9*255, Status=0x0, ValTime=118137421, Unit=None, Scaler=10^1, Value=b'\x01\xa8\x15\x98d\x80\x02\x01\x02', ValueSignature=b''
 - ObjName=1-0:1.8.0*255, Status=0x182, ValTime=118137421, Unit=Wh, Scaler=10^-1, Value=53784990, ValueSignature=b''
 - ObjName=1-0:1.8.1*255, Status=0x0, ValTime=118137421, Unit=Wh, Scaler=10^-1, Value=53784990, ValueSignature=b''
 - ObjName=1-0:1.8.2*255, Status=0x0, ValTime=118137421, Unit=Wh, Scaler=10^-1, Value=0, ValueSignature=b''
 - ObjName=1-0:15.7.0*255, Status=0x0, ValTime=118137421, Unit=W, Scaler=10^-1, Value=1919, ValueSignature=b''
 - ObjName=129-129:199.130.5*255, Status=0x0, ValTime=118137421, Unit=None, Scaler=10^1, Value=b'\xc2\xfb(\x83@*\xd8|\x9e\xa2z\xcc\xfd\x04( o\xbd\x06Vk\xa7\x95|^\xb0\xdePT\xa4@\xab\xd5Zm\x94\xd6w\x17o\xdd\xf8\x05\xc2?\x8d\xef\x1e\x01', ValueSignature=b''
1-0:1.8.0*255: 5378499.000 Wh
1-0:1.8.1*255: 5378499.000 Wh
1-0:1.8.2*255: 0.000 Wh
1-0:15.7.0*255: 191.900 W
WARNING: No message CRC provided!
INFO: Extracted a new file of 312 bytes:
      Extracted 2 messages:
SML-Message OpenResponse: Codepage=iso-8859-15, ClientId=b'', ReqFileId=b'\x00\x19\x07\nz\x9a', ServerId=b'\x01\xa8\x15\x98d\x80\x02\x01\x02', RefTime=None, SmlVersion=1
SML-Message GetListResponse: ClientId=None, ServerId=b'\x01\xa8\x15\x98d\x80\x02\x01\x02', ListName=None, ActSensorTime=118137423, ListSignature=None, ActGatewayTime=None
 - ObjName=129-129:199.130.3*255, Status=0x0, ValTime=118137423, Unit=None, Scaler=10^1, Value=b'EMH', ValueSignature=b''
 - ObjName=1-0:0.0.9*255, Status=0x0, ValTime=118137423, Unit=None, Scaler=10^1, Value=b'\x01\xa8\x15\x98d\x80\x02\x01\x02', ValueSignature=b''
 - ObjName=1-0:1.8.0*255, Status=0x182, ValTime=118137423, Unit=Wh, Scaler=10^-1, Value=53784991, ValueSignature=b''
 - ObjName=1-0:1.8.1*255, Status=0x0, ValTime=118137423, Unit=Wh, Scaler=10^-1, Value=53784991, ValueSignature=b''
 - ObjName=1-0:1.8.2*255, Status=0x0, ValTime=118137423, Unit=Wh, Scaler=10^-1, Value=0, ValueSignature=b''
 - ObjName=1-0:15.7.0*255, Status=0x0, ValTime=118137423, Unit=W, Scaler=10^-1, Value=1902, ValueSignature=b''
 - ObjName=129-129:199.130.5*255, Status=0x0, ValTime=118137423, Unit=None, Scaler=10^1, Value=b'\xc2\xfb(\x83@*\xd8|\x9e\xa2z\xcc\xfd\x04( o\xbd\x06Vk\xa7\x95|^\xb0\xdePT\xa4@\xab\xd5Zm\x94\xd6w\x17o\xdd\xf8\x05\xc2?\x8d\xef\x1e\x01', ValueSignature=b''
1-0:1.8.0*255: 5378499.100 Wh
1-0:1.8.1*255: 5378499.100 Wh
1-0:1.8.2*255: 0.000 Wh
1-0:15.7.0*255: 190.200 W
WARNING: No message CRC provided!
INFO: Extracted a new file of 312 bytes:
      Extracted 2 messages:
SML-Message OpenResponse: Codepage=iso-8859-15, ClientId=b'', ReqFileId=b'\x00\x19\x07\nz\x9c', ServerId=b'\x01\xa8\x15\x98d\x80\x02\x01\x02', RefTime=None, SmlVersion=1
SML-Message GetListResponse: ClientId=None, ServerId=b'\x01\xa8\x15\x98d\x80\x02\x01\x02', ListName=None, ActSensorTime=118137425, ListSignature=None, ActGatewayTime=None
 - ObjName=129-129:199.130.3*255, Status=0x0, ValTime=118137425, Unit=None, Scaler=10^1, Value=b'EMH', ValueSignature=b''
 - ObjName=1-0:0.0.9*255, Status=0x0, ValTime=118137425, Unit=None, Scaler=10^1, Value=b'\x01\xa8\x15\x98d\x80\x02\x01\x02', ValueSignature=b''
 - ObjName=1-0:1.8.0*255, Status=0x182, ValTime=118137425, Unit=Wh, Scaler=10^-1, Value=53784992, ValueSignature=b''
 - ObjName=1-0:1.8.1*255, Status=0x0, ValTime=118137425, Unit=Wh, Scaler=10^-1, Value=53784992, ValueSignature=b''
 - ObjName=1-0:1.8.2*255, Status=0x0, ValTime=118137425, Unit=Wh, Scaler=10^-1, Value=0, ValueSignature=b''
 - ObjName=1-0:15.7.0*255, Status=0x0, ValTime=118137425, Unit=W, Scaler=10^-1, Value=1909, ValueSignature=b''
 - ObjName=129-129:199.130.5*255, Status=0x0, ValTime=118137425, Unit=None, Scaler=10^1, Value=b'\xc2\xfb(\x83@*\xd8|\x9e\xa2z\xcc\xfd\x04( o\xbd\x06Vk\xa7\x95|^\xb0\xdePT\xa4@\xab\xd5Zm\x94\xd6w\x17o\xdd\xf8\x05\xc2?\x8d\xef\x1e\x01', ValueSignature=b''
1-0:1.8.0*255: 5378499.200 Wh
1-0:1.8.1*255: 5378499.200 Wh
1-0:1.8.2*255: 0.000 Wh
1-0:15.7.0*255: 190.900 W
WARNING: No message CRC provided!
INFO: Extracted a new file of 312 bytes:
      Extracted 2 messages:
SML-Message OpenResponse: Codepage=iso-8859-15, ClientId=b'', ReqFileId=b'\x00\x19\x07\nz\x9e', ServerId=b'\x01\xa8\x15\x98d\x80\x02\x01\x02', RefTime=None, SmlVersion=1
SML-Message GetListResponse: ClientId=None, ServerId=b'\x01\xa8\x15\x98d\x80\x02\x01\x02', ListName=None, ActSensorTime=118137427, ListSignature=None, ActGatewayTime=None
 - ObjName=129-129:199.130.3*255, Status=0x0, ValTime=118137427, Unit=None, Scaler=10^1, Value=b'EMH', ValueSignature=b''
 - ObjName=1-0:0.0.9*255, Status=0x0, ValTime=118137427, Unit=None, Scaler=10^1, Value=b'\x01\xa8\x15\x98d\x80\x02\x01\x02', ValueSignature=b''
 - ObjName=1-0:1.8.0*255, Status=0x182, ValTime=118137427, Unit=Wh, Scaler=10^-1, Value=53784993, ValueSignature=b''
 - ObjName=1-0:1.8.1*255, Status=0x0, ValTime=118137427, Unit=Wh, Scaler=10^-1, Value=53784993, ValueSignature=b''
 - ObjName=1-0:1.8.2*255, Status=0x0, ValTime=118137427, Unit=Wh, Scaler=10^-1, Value=0, ValueSignature=b''
 - ObjName=1-0:15.7.0*255, Status=0x0, ValTime=118137427, Unit=W, Scaler=10^-1, Value=1906, ValueSignature=b''
 - ObjName=129-129:199.130.5*255, Status=0x0, ValTime=118137427, Unit=None, Scaler=10^1, Value=b'\xc2\xfb(\x83@*\xd8|\x9e\xa2z\xcc\xfd\x04( o\xbd\x06Vk\xa7\x95|^\xb0\xdePT\xa4@\xab\xd5Zm\x94\xd6w\x17o\xdd\xf8\x05\xc2?\x8d\xef\x1e\x01', ValueSignature=b''
1-0:1.8.0*255: 5378499.300 Wh
1-0:1.8.1*255: 5378499.300 Wh
1-0:1.8.2*255: 0.000 Wh
1-0:15.7.0*255: 190.600 W
WARNING: No message CRC provided!
INFO: Extracted a new file of 312 bytes:
      Extracted 2 messages:
SML-Message OpenResponse: Codepage=iso-8859-15, ClientId=b'', ReqFileId=b'\x00\x19\x07\nz\xa0', ServerId=b'\x01\xa8\x15\x98d\x80\x02\x01\x02', RefTime=None, SmlVersion=1
SML-Message GetListResponse: ClientId=None, ServerId=b'\x01\xa8\x15\x98d\x80\x02\x01\x02', ListName=None, ActSensorTime=118137429, ListSignature=None, ActGatewayTime=None
 - ObjName=129-129:199.130.3*255, Status=0x0, ValTime=118137429, Unit=None, Scaler=10^1, Value=b'EMH', ValueSignature=b''
 - ObjName=1-0:0.0.9*255, Status=0x0, ValTime=118137429, Unit=None, Scaler=10^1, Value=b'\x01\xa8\x15\x98d\x80\x02\x01\x02', ValueSignature=b''
 - ObjName=1-0:1.8.0*255, Status=0x182, ValTime=118137429, Unit=Wh, Scaler=10^-1, Value=53784994, ValueSignature=b''
 - ObjName=1-0:1.8.1*255, Status=0x0, ValTime=118137429, Unit=Wh, Scaler=10^-1, Value=53784994, ValueSignature=b''
 - ObjName=1-0:1.8.2*255, Status=0x0, ValTime=118137429, Unit=Wh, Scaler=10^-1, Value=0, ValueSignature=b''
 - ObjName=1-0:15.7.0*255, Status=0x0, ValTime=118137429, Unit=W, Scaler=10^-1, Value=1917, ValueSignature=b''
 - ObjName=129-129:199.130.5*255, Status=0x0, ValTime=118137429, Unit=None, Scaler=10^1, Value=b'\xc2\xfb(\x83@*\xd8|\x9e\xa2z\xcc\xfd\x04( o\xbd\x06Vk\xa7\x95|^\xb0\xdePT\xa4@\xab\xd5Zm\x94\xd6w\x17o\xdd\xf8\x05\xc2?\x8d\xef\x1e\x01', ValueSignature=b''
1-0:1.8.0*255: 5378499.400 Wh
1-0:1.8.1*255: 5378499.400 Wh
1-0:1.8.2*255: 0.000 Wh
1-0:15.7.0*255: 191.700 W
WARNING: No message CRC provided!
INFO: Extracted a new file of 312 bytes:
      Extracted 2 messages:
SML-Message OpenResponse: Codepage=iso-8859-15, ClientId=b'', ReqFileId=b'\x00\x19\x07\nz\xa2', ServerId=b'\x01\xa8\x15\x98d\x80\x02\x01\x02', RefTime=None, SmlVersion=1
SML-Message GetListResponse: ClientId=None, ServerId=b'\x01\xa8\x15\x98d\x80\x02\x01\x02', ListName=None, ActSensorTime=118137431, ListSignature=None, ActGatewayTime=None
 - ObjName=129-129:199.130.3*255, Status=0x0, ValTime=118137431, Unit=None, Scaler=10^1, Value=b'EMH', ValueSignature=b''
 - ObjName=1-0:0.0.9*255, Status=0x0, ValTime=118137431, Unit=None, Scaler=10^1, Value=b'\x01\xa8\x15\x98d\x80\x02\x01\x02', ValueSignature=b''
 - ObjName=1-0:1.8.0*255, Status=0x182, ValTime=118137431, Unit=Wh, Scaler=10^-1, Value=53784995, ValueSignature=b''
 - ObjName=1-0:1.8.1*255, Status=0x0, ValTime=118137431, Unit=Wh, Scaler=10^-1, Value=53784995, ValueSignature=b''
 - ObjName=1-0:1.8.2*255, Status=0x0, ValTime=118137431, Unit=Wh, Scaler=10^-1, Value=0, ValueSignature=b''
 - ObjName=1-0:15.7.0*255, Status=0x0, ValTime=118137431, Unit=W, Scaler=10^-1, Value=1917, ValueSignature=b''
 - ObjName=129-129:199.130.5*255, Status=0x0, ValTime=118137431, Unit=None, Scaler=10^1, Value=b'\xc2\xfb(\x83@*\xd8|\x9e\xa2z\xcc\xfd\x04( o\xbd\x06Vk\xa7\x95|^\xb0\xdePT\xa4@\xab\xd5Zm\x94\xd6w\x17o\xdd\xf8\x05\xc2?\x8d\xef\x1e\x01', ValueSignature=b''
1-0:1.8.0*255: 5378499.500 Wh
1-0:1.8.1*255: 5378499.500 Wh
1-0:1.8.2*255: 0.000 Wh
1-0:15.7.0*255: 191.700 W
WARNING: No message CRC provided!
INFO: Extracted a new file of 312 bytes:
      Extracted 2 messages:
SML-Message OpenResponse: Codepage=iso-8859-15, ClientId=b'', ReqFileId=b'\x00\x19\x07\nz\xa4', ServerId=b'\x01\xa8\x15\x98d\x80\x02\x01\x02', RefTime=None, SmlVersion=1
SML-Message GetListResponse: ClientId=None, ServerId=b'\x01\xa8\x15\x98d\x80\x02\x01\x02', ListName=None, ActSensorTime=118137432, ListSignature=None, ActGatewayTime=None
 - ObjName=129-129:199.130.3*255, Status=0x0, ValTime=118137432, Unit=None, Scaler=10^1, Value=b'EMH', ValueSignature=b''
 - ObjName=1-0:0.0.9*255, Status=0x0, ValTime=118137432, Unit=None, Scaler=10^1, Value=b'\x01\xa8\x15\x98d\x80\x02\x01\x02', ValueSignature=b''
 - ObjName=1-0:1.8.0*255, Status=0x182, ValTime=118137432, Unit=Wh, Scaler=10^-1, Value=53784996, ValueSignature=b''
 - ObjName=1-0:1.8.1*255, Status=0x0, ValTime=118137432, Unit=Wh, Scaler=10^-1, Value=53784996, ValueSignature=b''
 - ObjName=1-0:1.8.2*255, Status=0x0, ValTime=118137432, Unit=Wh, Scaler=10^-1, Value=0, ValueSignature=b''
 - ObjName=1-0:15.7.0*255, Status=0x0, ValTime=118137432, Unit=W, Scaler=10^-1, Value=1935, ValueSignature=b''
 - ObjName=129-129:199.130.5*255, Status=0x0, ValTime=118137432, Unit=None, Scaler=10^1, Value=b'\xc2\xfb(\x83@*\xd8|\x9e\xa2z\xcc\xfd\x04( o\xbd\x06Vk\xa7\x95|^\xb0\xdePT\xa4@\xab\xd5Zm\x94\xd6w\x17o\xdd\xf8\x05\xc2?\x8d\xef\x1e\x01', ValueSignature=b''
1-0:1.8.0*255: 5378499.600 Wh
1-0:1.8.1*255: 5378499.600 Wh
1-0:1.8.2*255: 0.000 Wh
1-0:15.7.0*255: 193.500 W
WARNING: No message CRC provided!
INFO: Extracted a new file of 312 bytes:
      Extracted 2 messages:
SML-Message OpenResponse: Codepage=iso-8859-15, ClientId=b'', ReqFileId=b'\x00\x19\x07\nz\xa6', ServerId=b'\x01\xa8\x15\x98d\x80\x02\x01\x02', RefTime=None, SmlVersion=1
SML-Message GetListResponse: ClientId=None, ServerId=b'\x01\xa8\x15\x98d\x80\x02\x01\x02', ListName=None, ActSensorTime=118137434, ListSignature=None, ActGatewayTime=None
 - ObjName=129-129:199.130.3*255, Status=0x0, ValTime=118137434, Unit=None, Scaler=10^1, Value=b'EMH', ValueSignature=b''
 - ObjName=1-0:0.0.9*255, Status=0x0, ValTime=118137434, Unit=None, Scaler=10^1, Value=b'\x01\xa8\x15\x98d\x80\x02\x01\x02', ValueSignature=b''
 - ObjName=1-0:1.8.0*255, Status=0x182, ValTime=118137434, Unit=Wh, Scaler=10^-1, Value=53784997, ValueSignature=b''
 - ObjName=1-0:1.8.1*255, Status=0x0, ValTime=118137434, Unit=Wh, Scaler=10^-1, Value=53784997, ValueSignature=b''
 - ObjName=1-0:1.8.2*255, Status=0x0, ValTime=118137434, Unit=Wh, Scaler=10^-1, Value=0, ValueSignature=b''
 - ObjName=1-0:15.7.0*255, Status=0x0, ValTime=118137434, Unit=W, Scaler=10^-1, Value=1914, ValueSignature=b''
 - ObjName=129-129:199.130.5*255, Status=0x0, ValTime=118137434, Unit=None, Scaler=10^1, Value=b'\xc2\xfb(\x83@*\xd8|\x9e\xa2z\xcc\xfd\x04( o\xbd\x06Vk\xa7\x95|^\xb0\xdePT\xa4@\xab\xd5Zm\x94\xd6w\x17o\xdd\xf8\x05\xc2?\x8d\xef\x1e\x01', ValueSignature=b''
1-0:1.8.0*255: 5378499.700 Wh
1-0:1.8.1*255: 5378499.700 Wh
1-0:1.8.2*255: 0.000 Wh
1-0:15.7.0*255: 191.400 W
WARNING: No message CRC provided!
INFO: Extracted a new file of 312 bytes:
      Extracted 2 messages:
SML-Message OpenResponse: Codepage=iso-8859-15, ClientId=b'', ReqFileId=b'\x00\x19\x07\nz\xa8', ServerId=b'\x01\xa8\x15\x98d\x80\x02\x01\x02', RefTime=None, SmlVersion=1
SML-Message GetListResponse: ClientId=None, ServerId=b'\x01\xa8\x15\x98d\x80\x02\x01\x02', ListName=None, ActSensorTime=118137437, ListSignature=None, ActGatewayTime=None
 - ObjName=129-129:199.130.3*255, Status=0x0, ValTime=118137437, Unit=None, Scaler=10^1, Value=b'EMH', ValueSignature=b''
 - ObjName=1-0:0.0.9*255, Status=0x0, ValTime=118137437, Unit=None, Scaler=10^1, Value=b'\x01\xa8\x15\x98d\x80\x02\x01\x02', ValueSignature=b''
 - ObjName=1-0:1.8.0*255, Status=0x182, ValTime=118137437, Unit=Wh, Scaler=10^-1, Value=53784998, ValueSignature=b''
 - ObjName=1-0:1.8.1*255, Status=0x0, ValTime=118137437, Unit=Wh, Scaler=10^-1, Value=53784998, ValueSignature=b''
 - ObjName=1-0:1.8.2*255, Status=0x0, ValTime=118137437, Unit=Wh, Scaler=10^-1, Value=0, ValueSignature=b''
 - ObjName=1-0:15.7.0*255, Status=0x0, ValTime=118137437, Unit=W, Scaler=10^-1, Value=1627, ValueSignature=b''
 - ObjName=129-129:199.130.5*255, Status=0x0, ValTime=118137437, Unit=None, Scaler=10^1, Value=b'\xc2\xfb(\x83@*\xd8|\x9e\xa2z\xcc\xfd\x04( o\xbd\x06Vk\xa7\x95|^\xb0\xdePT\xa4@\xab\xd5Zm\x94\xd6w\x17o\xdd\xf8\x05\xc2?\x8d\xef\x1e\x01', ValueSignature=b''
1-0:1.8.0*255: 5378499.800 Wh
1-0:1.8.1*255: 5378499.800 Wh
1-0:1.8.2*255: 0.000 Wh
1-0:15.7.0*255: 162.700 W
WARNING: No message CRC provided!
INFO: Extracted a new file of 312 bytes:
      Extracted 2 messages:
SML-Message OpenResponse: Codepage=iso-8859-15, ClientId=b'', ReqFileId=b'\x00\x19\x07\nz\xaa', ServerId=b'\x01\xa8\x15\x98d\x80\x02\x01\x02', RefTime=None, SmlVersion=1
SML-Message GetListResponse: ClientId=None, ServerId=b'\x01\xa8\x15\x98d\x80\x02\x01\x02', ListName=None, ActSensorTime=118137439, ListSignature=None, ActGatewayTime=None
 - ObjName=129-129:199.130.3*255, Status=0x0, ValTime=118137439, Unit=None, Scaler=10^1, Value=b'EMH', ValueSignature=b''
 - ObjName=1-0:0.0.9*255, Status=0x0, ValTime=118137439, Unit=None, Scaler=10^1, Value=b'\x01\xa8\x15\x98d\x80\x02\x01\x02', ValueSignature=b''
 - ObjName=1-0:1.8.0*255, Status=0x182, ValTime=118137439, Unit=Wh, Scaler=10^-1, Value=53784999, ValueSignature=b''
 - ObjName=1-0:1.8.1*255, Status=0x0, ValTime=118137439, Unit=Wh, Scaler=10^-1, Value=53784999, ValueSignature=b''
 - ObjName=1-0:1.8.2*255, Status=0x0, ValTime=118137439, Unit=Wh, Scaler=10^-1, Value=0, ValueSignature=b''
 - ObjName=1-0:15.7.0*255, Status=0x0, ValTime=118137439, Unit=W, Scaler=10^-1, Value=1357, ValueSignature=b''
 - ObjName=129-129:199.130.5*255, Status=0x0, ValTime=118137439, Unit=None, Scaler=10^1, Value=b'\xc2\xfb(\x83@*\xd8|\x9e\xa2z\xcc\xfd\x04( o\xbd\x06Vk\xa7\x95|^\xb0\xdePT\xa4@\xab\xd5Zm\x94\xd6w\x17o\xdd\xf8\x05\xc2?\x8d\xef\x1e\x01', ValueSignature=b''
1-0:1.8.0*255: 5378499.900 Wh
1-0:1.8.1*255: 5378499.900 Wh
1-0:1.8.2*255: 0.000 Wh
1-0:15.7.0*255: 135.700 W
WARNING: No message CRC provided!
INFO: Extracted a new file of 312 bytes:
      Extracted 2 messages:
SML-Message OpenResponse: Codepage=iso-8859-15, ClientId=b'', ReqFileId=b'\x00\x19\x07\nz\xac', ServerId=b'\x01\xa8\x15\x98d\x80\x02\x01\x02', RefTime=None, SmlVersion=1
SML-Message GetListResponse: ClientId=None, ServerId=b'\x01\xa8\x15\x98d\x80\x02\x01\x02', ListName=None, ActSensorTime=118137442, ListSignature=None, ActGatewayTime=None
 - ObjName=129-129:199.130.3*255, Status=0x0, ValTime=118137442, Unit=None, Scaler=10^1, Value=b'EMH', ValueSignature=b''
 - ObjName=1-0:0.0.9*255, Status=0x0, ValTime=118137442, Unit=None, Scaler=10^1, Value=b'\x01\xa8\x15\x98d\x80\x02\x01\x02', ValueSignature=b''
 - ObjName=1-0:1.8.0*255, Status=0x182, ValTime=118137442, Unit=Wh, Scaler=10^-1, Value=53785000, ValueSignature=b''
 - ObjName=1-0:1.8.1*255, Status=0x0, ValTime=118137442, Unit=Wh, Scaler=10^-1, Value=53785000, ValueSignature=b''
 - ObjName=1-0:1.8.2*255, Status=0x0, ValTime=118137442, Unit=Wh, Scaler=10^-1, Value=0, ValueSignature=b''
 - ObjName=1-0:15.7.0*255, Status=0x0, ValTime=118137442, Unit=W, Scaler=10^-1, Value=1352, ValueSignature=b''
 - ObjName=129-129:199.130.5*255, Status=0x0, ValTime=118137442, Unit=None, Scaler=10^1, Value=b'\xc2\xfb(\x83@*\xd8|\x9e\xa2z\xcc\xfd\x04( o\xbd\x06Vk\xa7\x95|^\xb0\xdePT\xa4@\xab\xd5Zm\x94\xd6w\x17o\xdd\xf8\x05\xc2?\x8d\xef\x1e\x01', ValueSignature=b''
1-0:1.8.0*255: 5378500.000 Wh
1-0:1.8.1*255: 5378500.000 Wh
1-0:1.8.2*255: 0.000 Wh
1-0:15.7.0*255: 135.200 W
WARNING: No message CRC provided!
INFO: Extracted a new file of 312 bytes:
      Extracted 2 messages:
SML-Message OpenResponse: Codepage=iso-8859-15, ClientId=b'', ReqFileId=b'\x00\x19\x07\nz\xae', ServerId=b'\x01\xa8\x15\x98d\x80\x02\x01\x02', RefTime=None, SmlVersion=1
SML-Message GetListResponse: ClientId=None, ServerId=b'\x01\xa8\x15\x98d\x80\x02\x01\x02', ListName=None, ActSensorTime=118137444, ListSignature=None, ActGatewayTime=None
 - ObjName=129-129:199.130.3*255, Status=0x0, ValTime=118137444, Unit=None, Scaler=10^1, Value=b'EMH', ValueSignature=b''
 - ObjName=1-0:0.0.9*255, Status=0x0, ValTime=118137444, Unit=None, Scaler=10^1, Value=b'\x01\xa8\x15\x98d\x80\x02\x01\x02', ValueSignature=b''
 - ObjName=1-0:1.8.0*255, Status=0x182, ValTime=118137444, Unit=Wh, Scaler=10^-1, Value=53785001, ValueSignature=b''
 - ObjName=1-0:1.8.1*255, Status=0x0, ValTime=118137444, Unit=Wh, Scaler=10^-1, Value=53785001, ValueSignature=b''
 - ObjName=1-0:1.8.2*255, Status=0x0, ValTime=118137444, Unit=Wh, Scaler=10^-1, Value=0, ValueSignature=b''
 - ObjName=1-0:15.7.0*255, Status=0x0, ValTime=118137444, Unit=W, Scaler=10^-1, Value=1982, ValueSignature=b''
 - ObjName=129-129:199.130.5*255, Status=0x0, ValTime=118137444, Unit=None, Scaler=10^1, Value=b'\xc2\xfb(\x83@*\xd8|\x9e\xa2z\xcc\xfd\x04( o\xbd\x06Vk\xa7\x95|^\xb0\xdePT\xa4@\xab\xd5Zm\x94\xd6w\x17o\xdd\xf8\x05\xc2?\x8d\xef\x1e\x01', ValueSignature=b''
1-0:1.8.0*255: 5378500.100 Wh
1-0:1.8.1*255: 5378500.100 Wh
1-0:1.8.2*255: 0.000 Wh
1-0:15.7.0*255: 198.200 W
WARNING: No message CRC provided!
INFO: Extracted a new file of 312 bytes:
      Extracted 2 messages:
SML-Message OpenResponse: Codepage=iso-8859-15, ClientId=b'', ReqFileId=b'\x00\x19\x07\nz\xb0', ServerId=b'\x01\xa8\x15\x98d\x80\x02\x01\x02', RefTime=None, SmlVersion=1
SML-Message GetListResponse: ClientId=None, ServerId=b'\x01\xa8\x15\x98d\x80\x02\x01\x02', ListName=None, ActSensorTime=118137446, ListSignature=None, ActGatewayTime=None
 - ObjName=129-129:199.130.3*255, Status=0x0, ValTime=118137446, Unit=None, Scaler=10^1, Value=b'EMH', ValueSignature=b''
 - ObjName=1-0:0.0.9*255, Status=0x0, ValTime=118137446, Unit=None, Scaler=10^1, Value=b'\x01\xa8\x15\x98d\x80\x02\x01\x02', ValueSignature=b''
 - ObjName=1-0:1.8.0*255, Status=0x182, ValTime=118137446, Unit=Wh, Scaler=10^-1, Value=53785002, ValueSignature=b''
 - ObjName=1-0:1.8.1*255, Status=0x0, ValTime=118137446, Unit=Wh, Scaler=10^-1, Value=53785002, ValueSignature=b''
 - ObjName=1-0:1.8.2*255, Status=0x0, ValTime=118137446, Unit=Wh, Scaler=10^-1, Value=0, ValueSignature=b''
 - ObjName=1-0:15.7.0*255, Status=0x0, ValTime=118137446, Unit=W, Scaler=10^-1, Value=1917, ValueSignature=b''
 - ObjName=129-129:199.130.5*255, Status=0x0, ValTime=118137446, Unit=None, Scaler=10^1, Value=b'\xc2\xfb(\x83@*\xd8|\x9e\xa2z\xcc\xfd\x04( o\xbd\x06Vk\xa7\x95|^\xb0\xdePT\xa4@\xab\xd5Zm\x94\xd6w\x17o\xdd\xf8\x05\xc2?\x8d\xef\x1e\x01', ValueSignature=b''
1-0:1.8.0*255: 5378500.200 Wh
1-0:1.8.1*255: 5378500.200 Wh
1-0:1.8.2*255: 0.000 Wh
1-0:15.7.0*255: 191.700 W
