INFO: Extracted a new file of 528 bytes:
      Extracted 3 messages:
SML-Message OpenResponse: Codepage=iso-8859-15, ClientId=b'', ReqFileId=b'\x00\x00\x00\x14\x8e\x03', ServerId=b'\n\x01HLY\x02\x00\x03\xa9\x10', RefTime=None, SmlVersion=1
SML-Message GetListResponse: ClientId=None, ServerId=b'\n\x01HLY\x02\x00\x03\xa9\x10', ListName=None, ActSensorTime=None, ListSignature=None, ActGatewayTime=None
 - ObjName=1-0:96.50.1*1, Status=0x0, ValTime=None, Unit=None, Scaler=10^1, Value=b'HLY', ValueSignature=b''
 - ObjName=1-0:96.1.0*255, Status=0x0, ValTime=None, Unit=None, Scaler=10^1, Value=b'\n\x01HLY\x02\x00\x03\xa9\x10', ValueSignature=b''
 - ObjName=1-0:1.8.1*255, Status=0x1c0104, ValTime=None, Unit=Wh, Scaler=10^-1, Value=0, ValueSignature=b''
 - ObjName=1-0:1.8.2*255, Status=0x1c0104, ValTime=None, Unit=Wh, Scaler=10^-1, Value=1773601, ValueSignature=b''
 - ObjName=1-0:2.8.0*255, Status=0x1c0104, ValTime=None, Unit=Wh, Scaler=10^-1, Value=3149260, ValueSignature=b''
 - ObjName=1-0:16.7.0*255, Status=0x0, ValTime=None, Unit=W, Scaler=10^1, Value=460, ValueSignature=b''
 - ObjName=1-0:32.7.0*255, Status=0x0, ValTime=None, Unit=35, Scaler=10^-1, Value=2323, ValueSignature=b''
 - ObjName=1-0:52.7.0*255, Status=0x0, ValTime=None, Unit=35, Scaler=10^-1, Value=2325, ValueSignature=b''
 - ObjName=1-0:72.7.0*255, Status=0x0, ValTime=None, Unit=35, Scaler=10^-1, Value=2325, ValueSignature=b''
 - ObjName=1-0:31.7.0*255, Status=0x0, ValTime=None, Unit=33, Scaler=10^-2, Value=106, ValueSignature=b''
 - ObjName=1-0:51.7.0*255, Status=0x0, ValTime=None, Unit=33, Scaler=10^-2, Value=174, ValueSignature=b''
 - ObjName=1-0:71.7.0*255, Status=0x0, ValTime=None, Unit=33, Scaler=10^-2, Value=91, ValueSignature=b''
 - ObjName=1-0:81.7.1*255, Status=0x0, ValTime=None, Unit=8, Scaler=10^1, Value=120, ValueSignature=b''
 - ObjName=1-0:81.7.2*255, Status=0x0, ValTime=None, Unit=8, Scaler=10^1, Value=240, ValueSignature=b''
 - ObjName=1-0:81.7.4*255, Status=0x0, ValTime=None, Unit=8, Scaler=10^1, Value=298, ValueSignature=b''
 - ObjName=1-0:81.7.15*255, Status=0x0, ValTime=None, Unit=8, Scaler=10^1, Value=312, ValueSignature=b''
 - ObjName=1-0:81.7.26*255, Status=0x0, ValTime=None, Unit=8, Scaler=10^1, Value=288, ValueSignature=b''
 - ObjName=1-0:14.7.0*255, Status=0x0, ValTime=None, Unit=44, Scaler=10^-1, Value=500, ValueSignature=b''
 - ObjName=1-0:0.2.0*0, Status=0x0, ValTime=None, Unit=None, Scaler=10^1, Value=b'1.02.007', ValueSignature=b''
 - ObjName=1-0:96.90.2*1, Status=0x0, ValTime=None, Unit=None, Scaler=10^1, Value=b'A01A', ValueSignature=b''
 - ObjName=1-0:96.5.0*255, Status=0x0, ValTime=None, Unit=None, Scaler=10^1, Value=1835268, ValueSignature=b''
SML-Message CloseResponse: GlobalSignature=None
1-0:1.8.1*255: 0.000 Wh
1-0:1.8.2*255: 177360.100 Wh
1-0:2.8.0*255: 314926.000 Wh
1-0:16.7.0*255: 4600.000 W
INFO: Extracted a new file of 528 bytes:
      Extracted 3 messages:
SML-Message OpenResponse: Codepage=iso-8859-15, ClientId=b'', ReqFileId=b'\x00\x00\x00\x14\x8e\x05', ServerId=b'\n\x01HLY\x02\x00\x03\xa9\x10', RefTime=None, SmlVersion=1
SML-Message GetListResponse: ClientId=None, ServerId=b'\n\x01HLY\x02\x00\x03\xa9\x10', ListName=None, ActSensorTime=None, ListSignature=None, ActGatewayTime=None
 - ObjName=1-0:96.50.1*1, Status=0x0, ValTime=None, Unit=None, Scaler=10^1, Value=b'HLY', ValueSignature=b''
 - ObjName=1-0:96.1.0*255, Status=0x0, ValTime=None, Unit=None, Scaler=10^1, Value=b'\n\x01HLY\x02\x00\x03\xa9\x10', ValueSignature=b''
 - ObjName=1-0:1.8.1*255, Status=0x1c0104, ValTime=None, Unit=Wh, Scaler=10^-1, Value=0, ValueSignature=b''
 - ObjName=1-0:1.8.2*255, Status=0x1c0104, ValTime=None, Unit=Wh, Scaler=10^-1, Value=1773603, ValueSignature=b''
 - ObjName=1-0:2.8.0*255, Status=0x1c0104, ValTime=None, Unit=Wh, Scaler=10^-1, Value=3149260, ValueSignature=b''
 - ObjName=1-0:16.7.0*255, Status=0x0, ValTime=None, Unit=W, Scaler=10^1, Value=459, ValueSignature=b''
 - ObjName=1-0:32.7.0*255, Status=0x0, ValTime=None, Unit=35, Scaler=10^-1, Value=2323, ValueSignature=b''
 - ObjName=1-0:52.7.0*255, Status=0x0, ValTime=None, Unit=35, Scaler=10^-1, Value=2325, ValueSignature=b''
 - ObjName=1-0:72.7.0*255, Status=0x0, ValTime=None, Unit=35, Scaler=10^-1, Value=2326, ValueSignature=b''
 - ObjName=1-0:31.7.0*255, Status=0x0, ValTime=None, Unit=33, Scaler=10^-2, Value=107, ValueSignature=b''
 - ObjName=1-0:51.7.0*255, Status=0x0, ValTime=None, Unit=33, Scaler=10^-2, Value=174, ValueSignature=b''
 - ObjName=1-0:71.7.0*255, Status=0x0, ValTime=None, Unit=33, Scaler=10^-2, Value=91, ValueSignature=b''
 - ObjName=1-0:81.7.1*255, Status=0x0, ValTime=None, Unit=8, Scaler=10^1, Value=121, ValueSignature=b''
 - ObjName=1-0:81.7.2*255, Status=0x0, ValTime=None, Unit=8, Scaler=10^1, Value=240, ValueSignature=b''
 - ObjName=1-0:81.7.4*255, Status=0x0, ValTime=None, Unit=8, Scaler=10^1, Value=298, ValueSignature=b''
 - ObjName=1-0:81.7.15*255, Status=0x0, ValTime=None, Unit=8, Scaler=10^1, Value=312, ValueSignature=b''
 - ObjName=1-0:81.7.26*255, Status=0x0, ValTime=None, Unit=8, Scaler=10^1, Value=288, ValueSignature=b''
 - ObjName=1-0:14.7.0*255, Status=0x0, ValTime=None, Unit=44, Scaler=10^-1, Value=500, ValueSignature=b''
 - ObjName=1-0:0.2.0*0, Status=0x0, ValTime=None, Unit=None, Scaler=10^1, Value=b'1.02.007', ValueSignature=b''
 - ObjName=1-0:96.90.2*1, Status=0x0, ValTime=None, Unit=None, Scaler=10^1, Value=b'A01A', ValueSignature=b''
 - ObjName=1-0:96.5.0*255, Status=0x0, ValTime=None, Unit=None, Scaler=10^1, Value=1835268, ValueSignature=b''
SML-Message CloseResponse: GlobalSignature=None
1-0:1.8.1*255: 0.000 Wh
1-0:1.8.2*255: 177360.300 Wh
1-0:2.8.0*255: 314926.000 Wh
1-0:16.7.0*255: 4590.000 W
INFO: Extracted a new file of 528 bytes:
      Extracted 3 messages:
SML-Message OpenResponse: Codepage=iso-8859-15, ClientId=b'', ReqFileId=b'\x00\x00\x00\x14\x8e\x06', ServerId=b'\n\x01HLY\x02\x00\x03\xa9\x10', RefTime=None, SmlVersion=1
SML-Message GetListResponse: ClientId=None, ServerId=b'\n\x01HLY\x02\x00\x03\xa9\x10', ListName=None, ActSensorTime=None, ListSignature=None, ActGatewayTime=None
 - ObjName=1-0:96.50.1*1, Status=0x0, ValTime=None, Unit=None, Scaler=10^1, Value=b'HLY', ValueSignature=b''
 - ObjName=1-0:96.1.0*255, Status=0x0, ValTime=None, Unit=None, Scaler=10^1, Value=b'\n\x01HLY\x02\x00\x03\xa9\x10', ValueSignature=b''
 - ObjName=1-0:1.8.1*255, Status=0x1c0104, ValTime=None, Unit=Wh, Scaler=10^-1, Value=0, ValueSignature=b''
 - ObjName=1-0:1.8.2*255, Status=0x1c0104, ValTime=None, Unit=Wh, Scaler=10^-1, Value=1773605, ValueSignature=b''
 - ObjName=1-0:2.8.0*255, Status=0x1c0104, ValTime=None, Unit=Wh, Scaler=10^-1, Value=3149260, ValueSignature=b''
 - ObjName=1-0:16.7.0*255, Status=0x0, ValTime=None, Unit=W, Scaler=10^1, Value=460, ValueSignature=b''
 - ObjName=1-0:32.7.0*255, Status=0x0, ValTime=None, Unit=35, Scaler=10^-1, Value=2324, ValueSignature=b''
 - ObjName=1-0:52.7.0*255, Status=0x0, ValTime=None, Unit=35, Scaler=10^-1, Value=2326, ValueSignature=b''
 - ObjName=1-0:72.7.0*255, Status=0x0, ValTime=None, Unit=35, Scaler=10^-1, Value=2326, ValueSignature=b''
 - ObjName=1-0:31.7.0*255, Status=0x0, ValTime=None, Unit=33, Scaler=10^-2, Value=107, ValueSignature=b''
 - ObjName=1-0:51.7.0*255, Status=0x0, ValTime=None, Unit=33, Scaler=10^-2, Value=174, ValueSignature=b''
 - ObjName=1-0:71.7.0*255, Status=0x0, ValTime=None, Unit=33, Scaler=10^-2, Value=91, ValueSignature=b''
 - ObjName=1-0:81.7.1*255, Status=0x0, ValTime=None, Unit=8, Scaler=10^1, Value=120, ValueSignature=b''
 - ObjName=1-0:81.7.2*255, Status=0x0, ValTime=None, Unit=8, Scaler=10^1, Value=241, ValueSignature=b''
 - ObjName=1-0:81.7.4*255, Status=0x0, ValTime=None, Unit=8, Scaler=10^1, Value=298, ValueSignature=b''
 - ObjName=1-0:81.7.15*255, Status=0x0, ValTime=None, Unit=8, Scaler=10^1, Value=312, ValueSignature=b''
 - ObjName=1-0:81.7.26*255, Status=0x0, ValTime=None, Unit=8, Scaler=10^1, Value=288, ValueSignature=b''
 - ObjName=1-0:14.7.0*255, Status=0x0, ValTime=None, Unit=44, Scaler=10^-1, Value=500, ValueSignature=b''
 - ObjName=1-0:0.2.0*0, Status=0x0, ValTime=None, Unit=None, Scaler=10^1, Value=b'1.02.007', ValueSignature=b''
 - ObjName=1-0:96.90.2*1, Status=0x0, ValTime=None, Unit=None, Scaler=10^1, Value=b'A01A', ValueSignature=b''
 - ObjName=1-0:96.5.0*255, Status=0x0, ValTime=None, Unit=None, Scaler=10^1, Value=1835268, ValueSignature=b''
SML-Message CloseResponse: GlobalSignature=None
1-0:1.8.1*255: 0.000 Wh
1-0:1.8.2*255: 177360.500 Wh
1-0:2.8.0*255: 314926.000 Wh
1-0:16.7.0*255: 4600.000 W
INFO: Extracted a new file of 528 bytes:
      Extracted 3 messages:
SML-Message OpenResponse: Codepage=iso-8859-15, ClientId=b'', ReqFileId=b'\x00\x00\x00\x14\x8e\x08', ServerId=b'\n\x01HLY\x02\x00\x03\xa9\x10', RefTime=None, SmlVersion=1
SML-Message GetListResponse: ClientId=None, ServerId=b'\n\x01HLY\x02\x00\x03\xa9\x10', ListName=None, ActSensorTime=None, ListSignature=None, ActGatewayTime=None
 - ObjName=1-0:96.50.1*1, Status=0x0, ValTime=None, Unit=None, Scaler=10^1, Value=b'HLY', ValueSignature=b''
 - ObjName=1-0:96.1.0*255, Status=0x0, ValTime=None, Unit=None, Scaler=10^1, Value=b'\n\x01HLY\x02\x00\x03\xa9\x10', ValueSignature=b''
 - ObjName=1-0:1.8.1*255, Status=0x1c0104, ValTime=None, Unit=Wh, Scaler=10^-1, Value=0, ValueSignature=b''
 - ObjName=1-0:1.8.2*255, Status=0x1c0104, ValTime=None, Unit=Wh, Scaler=10^-1, Value=1773607, ValueSignature=b''
 - ObjName=1-0:2.8.0*255, Status=0x1c0104, ValTime=None, Unit=Wh, Scaler=10^-1, Value=3149260, ValueSignature=b''
 - ObjName=1-0:16.7.0*255, Status=0x0, ValTime=None, Unit=W, Scaler=10^1, Value=468, ValueSignature=b''
 - ObjName=1-0:32.7.0*255, Status=0x0, ValTime=None, Unit=35, Scaler=10^-1, Value=2324, ValueSignature=b''
 - ObjName=1-0:52.7.0*255, Status=0x0, ValTime=None, Unit=35, Scaler=10^-1, Value=2326, ValueSignature=b''
 - ObjName=1-0:72.7.0*255, Status=0x0, ValTime=None, Unit=35, Scaler=10^-1, Value=2326, ValueSignature=b''
 - ObjName=1-0:31.7.0*255, Status=0x0, ValTime=None, Unit=33, Scaler=10^-2, Value=107, ValueSignature=b''
 - ObjName=1-0:51.7.0*255, Status=0x0, ValTime=None, Unit=33, Scaler=10^-2, Value=174, ValueSignature=b''
 - ObjName=1-0:71.7.0*255, Status=0x0, ValTime=None, Unit=33, Scaler=10^-2, Value=91, ValueSignature=b''
 - ObjName=1-0:81.7.1*255, Status=0x0, ValTime=None, Unit=8, Scaler=10^1, Value=119, ValueSignature=b''
 - ObjName=1-0:81.7.2*255, Status=0x0, ValTime=None, Unit=8, Scaler=10^1, Value=240, ValueSignature=b''
 - ObjName=1-0:81.7.4*255, Status=0x0, ValTime=None, Unit=8, Scaler=10^1, Value=299, ValueSignature=b''
 - ObjName=1-0:81.7.15*255, Status=0x0, ValTime=None, Unit=8, Scaler=10^1, Value=313, ValueSignature=b''
 - ObjName=1-0:81.7.26*255, Status=0x0, ValTime=None, Unit=8, Scaler=10^1, Value=288, ValueSignature=b''
 - ObjName=1-0:14.7.0*255, Status=0x0, ValTime=None, Unit=44, Scaler=10^-1, Value=500, ValueSignature=b''
 - ObjName=1-0:0.2.0*0, Status=0x0, ValTime=None, Unit=None, Scaler=10^1, Value=b'1.02.007', ValueSignature=b''
 - ObjName=1-0:96.90.2*1, Status=0x0, ValTime=None, Unit=None, Scaler=10^1, Value=b'A01A', ValueSignature=b''
 - ObjName=1-0:96.5.0*255, Status=0x0, ValTime=None, Unit=None, Scaler=10^1, Value=1835268, ValueSignature=b''
SML-Message CloseResponse: GlobalSignature=None
1-0:1.8.1*255: 0.000 Wh
1-0:1.8.2*255: 177360.700 Wh
1-0:2.8.0*255: 314926.000 Wh
1-0:16.7.0*255: 4680.000 W
INFO: Extracted a new file of 528 bytes:
      Extracted 3 messages:
SML-Message OpenResponse: Codepage=iso-8859-15, ClientId=b'', ReqFileId=b'\x00\x00\x00\x14\x8e\n', ServerId=b'\n\x01HLY\x02\x00\x03\xa9\x10', RefTime=None, SmlVersion=1
SML-Message GetListResponse: ClientId=None, ServerId=b'\n\x01HLY\x02\x00\x03\xa9\x10', ListName=None, ActSensorTime=None, ListSignature=None, ActGatewayTime=None
 - ObjName=1-0:96.50.1*1, Status=0x0, ValTime=None, Unit=None, Scaler=10^1, Value=b'HLY', ValueSignature=b''
 - ObjName=1-0:96.1.0*255, Status=0x0, ValTime=None, Unit=None, Scaler=10^1, Value=b'\n\x01HLY\x02\x00\x03\xa9\x10', ValueSignature=b''
 - ObjName=1-0:1.8.1*255, Status=0x1c0104, ValTime=None, Unit=Wh, Scaler=10^-1, Value=0, ValueSignature=b''
 - ObjName=1-0:1.8.2*255, Status=0x1c0104, ValTime=None, Unit=Wh, Scaler=10^-1, Value=1773609, ValueSignature=b''
 - ObjName=1-0:2.8.0*255, Status=0x1c0104, ValTime=None, Unit=Wh, Scaler=10^-1, Value=3149260, ValueSignature=b''
 - ObjName=1-0:16.7.0*255, Status=0x0, ValTime=None, Unit=W, Scaler=10^1, Value=463, ValueSignature=b''
 - ObjName=1-0:32.7.0*255, Status=0x0, ValTime=None, Unit=35, Scaler=10^-1, Value=2324, ValueSignature=b''
 - ObjName=1-0:52.7.0*255, Status=0x0, ValTime=None, Unit=35, Scaler=10^-1, Value=2326, ValueSignature=b''
 - ObjName=1-0:72.7.0*255, Status=0x0, ValTime=None, Unit=35, Scaler=10^-1, Value=2326, ValueSignature=b''
 - ObjName=1-0:31.7.0*255, Status=0x0, ValTime=None, Unit=33, Scaler=10^-2, Value=106, ValueSignature=b''
 - ObjName=1-0:51.7.0*255, Status=0x0, ValTime=None, Unit=33, Scaler=10^-2, Value=175, ValueSignature=b''
 - ObjName=1-0:71.7.0*255, Status=0x0, ValTime=None, Unit=33, Scaler=10^-2, Value=91, ValueSignature=b''
 - ObjName=1-0:81.7.1*255, Status=0x0, ValTime=None, Unit=8, Scaler=10^1, Value=120, ValueSignature=b''
 - ObjName=1-0:81.7.2*255, Status=0x0, ValTime=None, Unit=8, Scaler=10^1, Value=241, ValueSignature=b''
 - ObjName=1-0:81.7.4*255, Status=0x0, ValTime=None, Unit=8, Scaler=10^1, Value=298, ValueSignature=b''
 - ObjName=1-0:81.7.15*255, Status=0x0, ValTime=None, Unit=8, Scaler=10^1, Value=313, ValueSignature=b''
 - ObjName=1-0:81.7.26*255, Status=0x0, ValTime=None, Unit=8, Scaler=10^1, Value=288, ValueSignature=b''
 - ObjName=1-0:14.7.0*255, Status=0x0, ValTime=None, Unit=44, Scaler=10^-1, Value=500, ValueSignature=b''
 - ObjName=1-0:0.2.0*0, Status=0x0, ValTime=None, Unit=None, Scaler=10^1, Value=b'1.02.007', ValueSignature=b''
 - ObjName=1-0:96.90.2*1, Status=0x0, ValTime=None, Unit=None, Scaler=10^1, Value=b'A01A', ValueSignature=b''
 - ObjName=1-0:96.5.0*255, Status=0x0, ValTime=None, Unit=None, Scaler=10^1, Value=1835268, ValueSignature=b''
SML-Message CloseResponse: GlobalSignature=None
1-0:1.8.1*255: 0.000 Wh
1-0:1.8.2*255: 177360.900 Wh
1-0:2.8.0*255: 314926.000 Wh
1-0:16.7.0*255: 4630.000 W
INFO: Extracted a new file of 528 bytes:
      Extracted 3 messages:
SML-Message OpenResponse: Codepage=iso-8859-15, ClientId=b'', ReqFileId=b'\x00\x00\x00\x14\x8e\x0b', ServerId=b'\n\x01HLY\x02\x00\x03\xa9\x10', RefTime=None, SmlVersion=1
SML-Message GetListResponse: ClientId=None, ServerId=b'\n\x01HLY\x02\x00\x03\xa9\x10', ListName=None, ActSensorTime=None, ListSignature=None, ActGatewayTime=None
 - ObjName=1-0:96.50.1*1, Status=0x0, ValTime=None, Unit=None, Scaler=10^1, Value=b'HLY', ValueSignature=b''
 - ObjName=1-0:96.1.0*255, Status=0x0, ValTime=None, Unit=None, Scaler=10^1, Value=b'\n\x01HLY\x02\x00\x03\xa9\x10', ValueSignature=b''
 - ObjName=1-0:1.8.1*255, Status=0x1c0104, ValTime=None, Unit=Wh, Scaler=10^-1, Value=0, ValueSignature=b''
 - ObjName=1-0:1.8.2*255, Status=0x1c0104, ValTime=None, Unit=Wh, Scaler=10^-1, Value=1773611, ValueSignature=b''
 - ObjName=1-0:2.8.0*255, Status=0x1c0104, ValTime=None, Unit=Wh, Scaler=10^-1, Value=3149260, ValueSignature=b''
 - ObjName=1-0:16.7.0*255, Status=0x0, ValTime=None, Unit=W, Scaler=10^1, Value=460, ValueSignature=b''
 - ObjName=1-0:32.7.0*255, Status=0x0, ValTime=None, Unit=35, Scaler=10^-1, Value=2324, ValueSignature=b''
 - ObjName=1-0:52.7.0*255, Status=0x0, ValTime=None, Unit=35, Scaler=10^-1, Value=2326, ValueSignature=b''
 - ObjName=1-0:72.7.0*255, Status=0x0, ValTime=None, Unit=35, Scaler=10^-1, Value=2325, ValueSignature=b''
 - ObjName=1-0:31.7.0*255, Status=0x0, ValTime=None, Unit=33, Scaler=10^-2, Value=106, ValueSignature=b''
 - ObjName=1-0:51.7.0*255, Status=0x0, ValTime=None, Unit=33, Scaler=10^-2, Value=174, ValueSignature=b''
 - ObjName=1-0:71.7.0*255, Status=0x0, ValTime=None, Unit=33, Scaler=10^-2, Value=91, ValueSignature=b''
 - ObjName=1-0:81.7.1*255, Status=0x0, ValTime=None, Unit=8, Scaler=10^1, Value=119, ValueSignature=b''
 - ObjName=1-0:81.7.2*255, Status=0x0, ValTime=None, Unit=8, Scaler=10^1, Value=240, ValueSignature=b''
 - ObjName=1-0:81.7.4*255, Status=0x0, ValTime=None, Unit=8, Scaler=10^1, Value=298, ValueSignature=b''
 - ObjName=1-0:81.7.15*255, Status=0x0, ValTime=None, Unit=8, Scaler=10^1, Value=312, ValueSignature=b''
 - ObjName=1-0:81.7.26*255, Status=0x0, ValTime=None, Unit=8, Scaler=10^1, Value=288, ValueSignature=b''
 - ObjName=1-0:14.7.0*255, Status=0x0, ValTime=None, Unit=44, Scaler=10^-1, Value=500, ValueSignature=b''
 - ObjName=1-0:0.2.0*0, Status=0x0, ValTime=None, Unit=None, Scaler=10^1, Value=b'1.02.007', ValueSignature=b''
 - ObjName=1-0:96.90.2*1, Status=0x0, ValTime=None, Unit=None, Scaler=10^1, Value=b'A01A', ValueSignature=b''
 - ObjName=1-0:96.5.0*255, Status=0x0, ValTime=None, Unit=None, Scaler=10^1, Value=1835268, ValueSignature=b''
SML-Message CloseResponse: GlobalSignature=None
1-0:1.8.1*255: 0.000 Wh
1-0:1.8.2*255: 177361.100 Wh
1-0:2.8.0*255: 314926.000 Wh
1-0:16.7.0*255: 4600.000 W
INFO: Extracted a new file of 528 bytes:
      Extracted 3 messages:
SML-Message OpenResponse: Codepage=iso-8859-15, ClientId=b'', ReqFileId=b'\x00\x00\x00\x14\x8e\r', ServerId=b'\n\x01HLY\x02\x00\x03\xa9\x10', RefTime=None, SmlVersion=1
SML-Message GetListResponse: ClientId=None, ServerId=b'\n\x01HLY\x02\x00\x03\xa9\x10', ListName=None, ActSensorTime=None, ListSignature=None, ActGatewayTime=None
 - ObjName=1-0:96.50.1*1, Status=0x0, ValTime=None, Unit=None, Scaler=10^1, Value=b'HLY', ValueSignature=b''
 - ObjName=1-0:96.1.0*255, Status=0x0, ValTime=None, Unit=None, Scaler=10^1, Value=b'\n\x01HLY\x02\x00\x03\xa9\x10', ValueSignature=b''
 - ObjName=1-0:1.8.1*255, Status=0x1c0104, ValTime=None, Unit=Wh, Scaler=10^-1, Value=0, ValueSignature=b''
 - ObjName=1-0:1.8.2*255, Status=0x1c0104, ValTime=None, Unit=Wh, Scaler=10^-1, Value=1773613, ValueSignature=b''
 - ObjName=1-0:2.8.0*255, Status=0x1c0104, ValTime=None, Unit=Wh, Scaler=10^-1, Value=3149260, ValueSignature=b''
 - ObjName=1-0:16.7.0*255, Status=0x0, ValTime=None, Unit=W, Scaler=10^1, Value=462, ValueSignature=b''
 - ObjName=1-0:32.7.0*255, Status=0x0, ValTime=None, Unit=35, Scaler=10^-1, Value=2324, ValueSignature=b''
 - ObjName=1-0:52.7.0*255, Status=0x0, ValTime=None, Unit=35, Scaler=10^-1, Value=2326, ValueSignature=b''
 - ObjName=1-0:72.7.0*255, Status=0x0, ValTime=None, Unit=35, Scaler=10^-1, Value=2325, ValueSignature=b''
 - ObjName=1-0:31.7.0*255, Status=0x0, ValTime=None, Unit=33, Scaler=10^-2, Value=107, ValueSignature=b''
 - ObjName=1-0:51.7.0*255, Status=0x0, ValTime=None, Unit=33, Scaler=10^-2, Value=174, ValueSignature=b''
 - ObjName=1-0:71.7.0*255, Status=0x0, ValTime=None, Unit=33, Scaler=10^-2, Value=91, ValueSignature=b''
 - ObjName=1-0:81.7.1*255, Status=0x0, ValTime=None, Unit=8, Scaler=10^1, Value=120, ValueSignature=b''
 - ObjName=1-0:81.7.2*255, Status=0x0, ValTime=None, Unit=8, Scaler=10^1, Value=240, ValueSignature=b''
 - ObjName=1-0:81.7.4*255, Status=0x0, ValTime=None, Unit=8, Scaler=10^1, Value=298, ValueSignature=b''
 - ObjName=1-0:81.7.15*255, Status=0x0, ValTime=None, Unit=8, Scaler=10^1, Value=312, ValueSignature=b''
 - ObjName=1-0:81.7.26*255, Status=0x0, ValTime=None, Unit=8, Scaler=10^1, Value=288, ValueSignature=b''
 - ObjName=1-0:14.7.0*255, Status=0x0, ValTime=None, Unit=44, Scaler=10^-1, Value=500, ValueSignature=b''
 - ObjName=1-0:0.2.0*0, Status=0x0, ValTime=None, Unit=None, Scaler=10^1, Value=b'1.02.007', ValueSignature=b''
 - ObjName=1-0:96.90.2*1, Status=0x0, ValTime=None, Unit=None, Scaler=10^1, Value=b'A01A', ValueSignature=b''
 - ObjName=1-0:96.5.0*255, Status=0x0, ValTime=None, Unit=None, Scaler=10^1, Value=1835268, ValueSignature=b''
SML-Message CloseResponse: GlobalSignature=None
1-0:1.8.1*255: 0.000 Wh
1-0:1.8.2*255: 177361.300 Wh
1-0:2.8.0*255: 314926.000 Wh
1-0:16.7.0*255: 4620.000 W
