INFO: Extracted a new file of 252 bytes:
      Extracted 3 messages:
SML-Message OpenResponse: Codepage=iso-8859-15, ClientId=b'', ReqFileId=b'\x00C\x04M\t\xb7', ServerId=b'02280816', RefTime=None, SmlVersion=1
SML-Message GetListResponse: ClientId=None, ServerId=b'02280816', ListName=None, ActSensorTime=72214509, ListSignature=None, ActGatewayTime=None
 - ObjName=129-129:199.130.3*255, Status=0x0, ValTime=72214509, Unit=None, Scaler=10^0, Value=b'EMH', ValueSignature=b''
 - ObjName=1-0:0.0.0*255, Status=0x0, ValTime=72214509, Unit=None, Scaler=10^0, Value=b'02280816', ValueSignature=b''
 - ObjName=1-0:1.8.1*255, Status=0x180, ValTime=72214509, Unit=Wh, Scaler=10^-1, Value=147981129, ValueSignature=b''
 - ObjName=1-0:1.8.2*255, Status=0x180, ValTime=72214509, Unit=Wh, Scaler=10^-1, Value=20124, ValueSignature=b''
 - ObjName=0-0:96.1.255*255, Status=0x0, ValTime=72214509, Unit=None, Scaler=10^0, Value=b'0002280816', ValueSignature=b''
 - ObjName=1-0:1.7.0*255, Status=0x0, ValTime=72214509, Unit=W, Scaler=10^-1, Value=138, ValueSignature=b''
SML-Message CloseResponse: GlobalSignature=None
1-0:1.8.1*255: 14798112.900 Wh
1-0:1.8.2*255: 2012.400 Wh
1-0:1.7.0*255: 13.800 W
INFO: Extracted a new file of 252 bytes:
      Extracted 3 messages:
SML-Message OpenResponse: Codepage=iso-8859-15, ClientId=b'', ReqFileId=b'\x00C\x04M\t\xb8', ServerId=b'02280816', RefTime=None, SmlVersion=1
SML-Message GetListResponse: ClientId=None, ServerId=b'02280816', ListName=None, ActSensorTime=72214512, ListSignature=None, ActGatewayTime=None
 - ObjName=129-129:199.130.3*255, Status=0x0, ValTime=72214512, Unit=None, Scaler=10^0, Value=b'EMH', ValueSignature=b''
 - ObjName=1-0:0.0.0*255, Status=0x0, ValTime=72214512, Unit=None, Scaler=10^0, Value=b'02280816', ValueSignature=b''
 - ObjName=1-0:1.8.1*255, Status=0x182, ValTime=72214512, Unit=Wh, Scaler=10^-1, Value=147981130, ValueSignature=b''
 - ObjName=1-0:1.8.2*255, Status=0x182, ValTime=72214512, Unit=Wh, Scaler=10^-1, Value=20124, ValueSignature=b''
 - ObjName=0-0:96.1.255*255, Status=0x0, ValTime=72214512, Unit=None, Scaler=10^0, Value=b'0002280816', ValueSignature=b''
 - ObjName=1-0:1.7.0*255, Status=0x0, ValTime=72214512, Unit=W, Scaler=10^-1, Value=147, ValueSignature=b''
SML-Message CloseResponse: GlobalSignature=None
1-0:1.8.1*255: 14798113.000 Wh
1-0:1.8.2*255: 2012.400 Wh
1-0:1.7.0*255: 14.700 W
INFO: Extracted a new file of 252 bytes:
      Extracted 3 messages:
SML-Message OpenResponse: Codepage=iso-8859-15, ClientId=b'', ReqFileId=b'\x00C\x04M\t\xb9', ServerId=b'02280816', RefTime=None, SmlVersion=1
SML-Message GetListResponse: ClientId=None, ServerId=b'02280816', ListName=None, ActSensorTime=72214517, ListSignature=None, ActGatewayTime=None
 - ObjName=129-129:199.130.3*255, Status=0x0, ValTime=72214517, Unit=None, Scaler=10^0, Value=b'EMH', ValueSignature=b''
 - ObjName=1-0:0.0.0*255, Status=0x0, ValTime=72214517, Unit=None, Scaler=10^0, Value=b'02280816', ValueSignature=b''
 - ObjName=1-0:1.8.1*255, Status=0x180, ValTime=72214517, Unit=Wh, Scaler=10^-1, Value=147981130, ValueSignature=b''
 - ObjName=1-0:1.8.2*255, Status=0x180, ValTime=72214517, Unit=Wh, Scaler=10^-1, Value=20124, ValueSignature=b''
 - ObjName=0-0:96.1.255*255, Status=0x0, ValTime=72214517, Unit=None, Scaler=10^0, Value=b'0002280816', ValueSignature=b''
 - ObjName=1-0:1.7.0*255, Status=0x0, ValTime=72214517, Unit=W, Scaler=10^-1, Value=149, ValueSignature=b''
SML-Message CloseResponse: GlobalSignature=None
1-0:1.8.1*255: 14798113.000 Wh
1-0:1.8.2*255: 2012.400 Wh
1-0:1.7.0*255: 14.900 W
INFO: Extracted a new file of 252 bytes:
      Extracted 3 messages:
SML-Message OpenResponse: Codepage=iso-8859-15, ClientId=b'', ReqFileId=b'\x00C\x04M\t\xba', ServerId=b'02280816', RefTime=None, SmlVersion=1
SML-Message GetListResponse: ClientId=None, ServerId=b'02280816', ListName=None, ActSensorTime=72214521, ListSignature=None, ActGatewayTime=None
 - ObjName=129-129:199.130.3*255, Status=0x0, ValTime=72214521, Unit=None, Scaler=10^0, Value=b'EMH', ValueSignature=b''
 - ObjName=1-0:0.0.0*255, Status=0x0, ValTime=72214521, Unit=None, Scaler=10^0, Value=b'02280816', ValueSignature=b''
 - ObjName=1-0:1.8.1*255, Status=0x180, ValTime=72214521, Unit=Wh, Scaler=10^-1, Value=147981130, ValueSignature=b''
 - ObjName=1-0:1.8.2*255, Status=0x180, ValTime=72214521, Unit=Wh, Scaler=10^-1, Value=20124, ValueSignature=b''
 - ObjName=0-0:96.1.255*255, Status=0x0, ValTime=72214521, Unit=None, Scaler=10^0, Value=b'0002280816', ValueSignature=b''
 - ObjName=1-0:1.7.0*255, Status=0x0, ValTime=72214521, Unit=W, Scaler=10^-1, Value=142, ValueSignature=b''
SML-Message CloseResponse: GlobalSignature=None
1-0:1.8.1*255: 14798113.000 Wh
1-0:1.8.2*255: 2012.400 Wh
1-0:1.7.0*255: 14.200 W
INFO: Extracted a new file of 252 bytes:
      Extracted 3 messages:
SML-Message OpenResponse: Codepage=iso-8859-15, ClientId=b'', ReqFileId=b'\x00C\x04M\t\xbb', ServerId=b'02280816', RefTime=None, SmlVersion=1
SML-Message GetListResponse: ClientId=None, ServerId=b'02280816', ListName=None, ActSensorTime=72214525, ListSignature=None, ActGatewayTime=None
 - ObjName=129-129:199.130.3*255, Status=0x0, ValTime=72214525, Unit=None, Scaler=10^0, Value=b'EMH', ValueSignature=b''
 - ObjName=1-0:0.0.0*255, Status=0x0, ValTime=72214525, Unit=None, Scaler=10^0, Value=b'02280816', ValueSignature=b''
 - ObjName=1-0:1.8.1*255, Status=0x180, ValTime=72214525, Unit=Wh, Scaler=10^-1, Value=147981130, ValueSignature=b''
 - ObjName=1-0:1.8.2*255, Status=0x180, ValTime=72214525, Unit=Wh, Scaler=10^-1, Value=20124, ValueSignature=b''
 - ObjName=0-0:96.1.255*255, Status=0x0, ValTime=72214525, Unit=None, Scaler=10^0, Value=b'0002280816', ValueSignature=b''
 - ObjName=1-0:1.7.0*255, Status=0x0, ValTime=72214525, Unit=W, Scaler=10^-1, Value=148, ValueSignature=b''
SML-Message CloseResponse: GlobalSignature=None
1-0:1.8.1*255: 14798113.000 Wh
1-0:1.8.2*255: 2012.400 Wh
1-0:1.7.0*255: 14.800 W
INFO: Extracted a new file of 252 bytes:
      Extracted 3 messages:
SML-Message OpenResponse: Codepage=iso-8859-15, ClientId=b'', ReqFileId=b'\x00C\x04M\t\xbc', ServerId=b'02280816', RefTime=None, SmlVersion=1
SML-Message GetListResponse: ClientId=None, ServerId=b'02280816', ListName=None, ActSensorTime=72214530, ListSignature=None, ActGatewayTime=None
 - ObjName=129-129:199.130.3*255, Status=0x0, ValTime=72214530, Unit=None, Scaler=10^0, Value=b'EMH', ValueSignature=b''
 - ObjName=1-0:0.0.0*255, Status=0x0, ValTime=72214530, Unit=None, Scaler=10^0, Value=b'02280816', ValueSignature=b''
 - ObjName=1-0:1.8.1*255, Status=0x180, ValTime=72214530, Unit=Wh, Scaler=10^-1, Value=147981130, ValueSignature=b''
 - ObjName=1-0:1.8.2*255, Status=0x180, ValTime=72214530, Unit=Wh, Scaler=10^-1, Value=20124, ValueSignature=b''
 - ObjName=0-0:96.1.255*255, Status=0x0, ValTime=72214530, Unit=None, Scaler=10^0, Value=b'0002280816', ValueSignature=b''
 - ObjName=1-0:1.7.0*255, Status=0x0, ValTime=72214530, Unit=W, Scaler=10^-1, Value=145, ValueSignature=b''
SML-Message CloseResponse: GlobalSignature=None
1-0:1.8.1*255: 14798113.000 Wh
1-0:1.8.2*255: 2012.400 Wh
1-0:1.7.0*255: 14.500 W
INFO: Extracted a new file of 252 bytes:
      Extracted 3 messages:
SML-Message OpenResponse: Codepage=iso-8859-15, ClientId=b'', ReqFileId=b'\x00C\x04M\t\xbd', ServerId=b'02280816', RefTime=None, SmlVersion=1
SML-Message GetListResponse: ClientId=None, ServerId=b'02280816', ListName=None, ActSensorTime=72214534, ListSignature=None, ActGatewayTime=None
 - ObjName=129-129:199.130.3*255, Status=0x0, ValTime=72214534, Unit=None, Scaler=10^0, Value=b'EMH', ValueSignature=b''
 - ObjName=1-0:0.0.0*255, Status=0x0, ValTime=72214534, Unit=None, Scaler=10^0, Value=b'02280816', ValueSignature=b''
 - ObjName=1-0:1.8.1*255, Status=0x180, ValTime=72214534, Unit=Wh, Scaler=10^-1, Value=147981130, ValueSignature=b''
 - ObjName=1-0:1.8.2*255, Status=0x180, ValTime=72214534, Unit=Wh, Scaler=10^-1, Value=20124, ValueSignature=b''
 - ObjName=0-0:96.1.255*255, Status=0x0, ValTime=72214534, Unit=None, Scaler=10^0, Value=b'0002280816', ValueSignature=b''
 - ObjName=1-0:1.7.0*255, Status=0x0, ValTime=72214534, Unit=W, Scaler=10^-1, Value=146, ValueSignature=b''
SML-Message CloseResponse: GlobalSignature=None
1-0:1.8.1*255: 14798113.000 Wh
1-0:1.8.2*255: 2012.400 Wh
1-0:1.7.0*255: 14.600 W
INFO: Extracted a new file of 252 bytes:
      Extracted 3 messages:
SML-Message OpenResponse: Codepage=iso-8859-15, ClientId=b'', ReqFileId=b'\x00C\x04M\t\xbe', ServerId=b'02280816', RefTime=None, SmlVersion=1
SML-Message GetListResponse: ClientId=None, ServerId=b'02280816', ListName=None, ActSensorTime=72214537, ListSignature=None, ActGatewayTime=None
 - ObjName=129-129:199.130.3*255, Status=0x0, ValTime=72214537, Unit=None, Scaler=10^0, Value=b'EMH', ValueSignature=b''
 - ObjName=1-0:0.0.0*255, Status=0x0, ValTime=72214537, Unit=None, Scaler=10^0, Value=b'02280816', ValueSignature=b''
 - ObjName=1-0:1.8.1*255, Status=0x182, ValTime=72214537, Unit=Wh, Scaler=10^-1, Value=147981131, ValueSignature=b''
 - ObjName=1-0:1.8.2*255, Status=0x182, ValTime=72214537, Unit=Wh, Scaler=10^-1, Value=20124, ValueSignature=b''
 - ObjName=0-0:96.1.255*255, Status=0x0, ValTime=72214537, Unit=None, Scaler=10^0, Value=b'0002280816', ValueSignature=b''
 - ObjName=1-0:1.7.0*255, Status=0x0, ValTime=72214537, Unit=W, Scaler=10^-1, Value=148, ValueSignature=b''
SML-Message CloseResponse: GlobalSignature=None
1-0:1.8.1*255: 14798113.100 Wh
1-0:1.8.2*255: 2012.400 Wh
1-0:1.7.0*255: 14.800 W
INFO: Extracted a new file of 252 bytes:
      Extracted 3 messages:
SML-Message OpenResponse: Codepage=iso-8859-15, ClientId=b'', ReqFileId=b'\x00C\x04M\t\xbf', ServerId=b'02280816', RefTime=None, SmlVersion=1
SML-Message GetListResponse: ClientId=None, ServerId=b'02280816', ListName=None, ActSensorTime=72214541, ListSignature=None, ActGatewayTime=None
 - ObjName=129-129:199.130.3*255, Status=0x0, ValTime=72214541, Unit=None, Scaler=10^0, Value=b'EMH', ValueSignature=b''
 - ObjName=1-0:0.0.0*255, Status=0x0, ValTime=72214541, Unit=None, Scaler=10^0, Value=b'02280816', ValueSignature=b''
 - ObjName=1-0:1.8.1*255, Status=0x180, ValTime=72214541, Unit=Wh, Scaler=10^-1, Value=147981131, ValueSignature=b''
 - ObjName=1-0:1.8.2*255, Status=0x180, ValTime=72214541, Unit=Wh, Scaler=10^-1, Value=20124, ValueSignature=b''
 - ObjName=0-0:96.1.255*255, Status=0x0, ValTime=72214541, Unit=None, Scaler=10^0, Value=b'0002280816', ValueSignature=b''
 - ObjName=1-0:1.7.0*255, Status=0x0, ValTime=72214541, Unit=W, Scaler=10^-1, Value=145, ValueSignature=b''
SML-Message CloseResponse: GlobalSignature=None
1-0:1.8.1*255: 14798113.100 Wh
1-0:1.8.2*255: 2012.400 Wh
1-0:1.7.0*255: 14.500 W
INFO: Extracted a new file of 252 bytes:
      Extracted 3 messages:
SML-Message OpenResponse: Codepage=iso-8859-15, ClientId=b'', ReqFileId=b'\x00C\x04M\t\xc0', ServerId=b'02280816', RefTime=None, SmlVersion=1
SML-Message GetListResponse: ClientId=None, ServerId=b'02280816', ListName=None, ActSensorTime=72214545, ListSignature=None, ActGatewayTime=None
 - ObjName=129-129:199.130.3*255, Status=0x0, ValTime=72214545, Unit=None, Scaler=10^0, Value=b'EMH', ValueSignature=b''
 - ObjName=1-0:0.0.0*255, Status=0x0, ValTime=72214545, Unit=None, Scaler=10^0, Value=b'02280816', ValueSignature=b''
 - ObjName=1-0:1.8.1*255, Status=0x180, ValTime=72214545, Unit=Wh, Scaler=10^-1, Value=147981131, ValueSignature=b''
 - ObjName=1-0:1.8.2*255, Status=0x180, ValTime=72214545, Unit=Wh, Scaler=10^-1, Value=20124, ValueSignature=b''
 - ObjName=0-0:96.1.255*255, Status=0x0, ValTime=72214545, Unit=None, Scaler=10^0, Value=b'0002280816', ValueSignature=b''
 - ObjName=1-0:1.7.0*255, Status=0x0, ValTime=72214545, Unit=W, Scaler=10^-1, Value=144, ValueSignature=b''
SML-Message CloseResponse: GlobalSignature=None
1-0:1.8.1*255: 14798113.100 Wh
1-0:1.8.2*255: 2012.400 Wh
1-0:1.7.0*255: 14.400 W
INFO: Extracted a new file of 252 bytes:
      Extracted 3 messages:
SML-Message OpenResponse: Codepage=iso-8859-15, ClientId=b'', ReqFileId=b'\x00C\x04M\t\xc1', ServerId=b'02280816', RefTime=None, SmlVersion=1
SML-Message GetListResponse: ClientId=None, ServerId=b'02280816', ListName=None, ActSensorTime=72214550, ListSignature=None, ActGatewayTime=None
 - ObjName=129-129:199.130.3*255, Status=0x0, ValTime=72214550, Unit=None, Scaler=10^0, Value=b'EMH', ValueSignature=b''
 - ObjName=1-0:0.0.0*255, Status=0x0, ValTime=72214550, Unit=None, Scaler=10^0, Value=b'02280816', ValueSignature=b''
 - ObjName=1-0:1.8.1*255, Status=0x180, ValTime=72214550, Unit=Wh, Scaler=10^-1, Value=147981131, ValueSignature=b''
 - ObjName=1-0:1.8.2*255, Status=0x180, ValTime=72214550, Unit=Wh, Scaler=10^-1, Value=20124, ValueSignature=b''
 - ObjName=0-0:96.1.255*255, Status=0x0, ValTime=72214550, Unit=None, Scaler=10^0, Value=b'0002280816', ValueSignature=b''
 - ObjName=1-0:1.7.0*255, Status=0x0, ValTime=72214550, Unit=W, Scaler=10^-1, Value=146, ValueSignature=b''
SML-Message CloseResponse: GlobalSignature=None
1-0:1.8.1*255: 14798113.100 Wh
1-0:1.8.2*255: 2012.400 Wh
1-0:1.7.0*255: 14.600 W
INFO: Extracted a new file of 252 bytes:
      Extracted 3 messages:
SML-Message OpenResponse: Codepage=iso-8859-15, ClientId=b'', ReqFileId=b'\x00C\x04M\t\xc2', ServerId=b'02280816', RefTime=None, SmlVersion=1
SML-Message GetListResponse: ClientId=None, ServerId=b'02280816', ListName=None, ActSensorTime=72214554, ListSignature=None, ActGatewayTime=None
 - ObjName=129-129:199.130.3*255, Status=0x0, ValTime=72214554, Unit=None, Scaler=10^0, Value=b'EMH', ValueSignature=b''
 - ObjName=1-0:0.0.0*255, Status=0x0, ValTime=72214554, Unit=None, Scaler=10^0, Value=b'02280816', ValueSignature=b''
 - ObjName=1-0:1.8.1*255, Status=0x180, ValTime=72214554, Unit=Wh, Scaler=10^-1, Value=147981131, ValueSignature=b''
 - ObjName=1-0:1.8.2*255, Status=0x180, ValTime=72214554, Unit=Wh, Scaler=10^-1, Value=20124, ValueSignature=b''
 - ObjName=0-0:96.1.255*255, Status=0x0, ValTime=72214554, Unit=None, Scaler=10^0, Value=b'0002280816', ValueSignature=b''
 - ObjName=1-0:1.7.0*255, Status=0x0, ValTime=72214554, Unit=W, Scaler=10^-1, Value=148, ValueSignature=b''
SML-Message CloseResponse: GlobalSignature=None
1-0:1.8.1*255: 14798113.100 Wh
1-0:1.8.2*255: 2012.400 Wh
1-0:1.7.0*255: 14.800 W
INFO: Extracted a new file of 252 bytes:
      Extracted 3 messages:
SML-Message OpenResponse: Codepage=iso-8859-15, ClientId=b'', ReqFileId=b'\x00C\x04M\t\xc3', ServerId=b'02280816', RefTime=None, SmlVersion=1
SML-Message GetListResponse: ClientId=None, ServerId=b'02280816', ListName=None, ActSensorTime=72214558, ListSignature=None, ActGatewayTime=None
 - ObjName=129-129:199.130.3*255, Status=0x0, ValTime=72214558, Unit=None, Scaler=10^0, Value=b'EMH', ValueSignature=b''
 - ObjName=1-0:0.0.0*255, Status=0x0, ValTime=72214558, Unit=None, Scaler=10^0, Value=b'02280816', ValueSignature=b''
 - ObjName=1-0:1.8.1*255, Status=0x180, ValTime=72214558, Unit=Wh, Scaler=10^-1, Value=147981131, ValueSignature=b''
 - ObjName=1-0:1.8.2*255, Status=0x180, ValTime=72214558, Unit=Wh, Scaler=10^-1, Value=20124, ValueSignature=b''
 - ObjName=0-0:96.1.255*255, Status=0x0, ValTime=72214558, Unit=None, Scaler=10^0, Value=b'0002280816', ValueSignature=b''
 - ObjName=1-0:1.7.0*255, Status=0x0, ValTime=72214558, Unit=W, Scaler=10^-1, Value=146, ValueSignature=b''
SML-Message CloseResponse: GlobalSignature=None
1-0:1.8.1*255: 14798113.100 Wh
1-0:1.8.2*255: 2012.400 Wh
1-0:1.7.0*255: 14.600 W
INFO: Extracted a new file of 252 bytes:
      Extracted 3 messages:
SML-Message OpenResponse: Codepage=iso-8859-15, ClientId=b'', ReqFileId=b'\x00C\x04M\t\xc4', ServerId=b'02280816', RefTime=None, SmlVersion=1
SML-Message GetListResponse: ClientId=None, ServerId=b'02280816', ListName=None, ActSensorTime=72214561, ListSignature=None, ActGatewayTime=None
 - ObjName=129-129:199.130.3*255, Status=0x0, ValTime=72214561, Unit=None, Scaler=10^0, Value=b'EMH', ValueSignature=b''
 - ObjName=1-0:0.0.0*255, Status=0x0, ValTime=72214561, Unit=None, Scaler=10^0, Value=b'02280816', ValueSignature=b''
 - ObjName=1-0:1.8.1*255, Status=0x182, ValTime=72214561, Unit=Wh, Scaler=10^-1, Value=147981132, ValueSignature=b''
 - ObjName=1-0:1.8.2*255, Status=0x182, ValTime=72214561, Unit=Wh, Scaler=10^-1, Value=20124, ValueSignature=b''
 - ObjName=0-0:96.1.255*255, Status=0x0, ValTime=72214561, Unit=None, Scaler=10^0, Value=b'0002280816', ValueSignature=b''
 - ObjName=1-0:1.7.0*255, Status=0x0, ValTime=72214561, Unit=W, Scaler=10^-1, Value=148, ValueSignature=b''
SML-Message CloseResponse: GlobalSignature=None
1-0:1.8.1*255: 14798113.200 Wh
1-0:1.8.2*255: 2012.400 Wh
1-0:1.7.0*255: 14.800 W
INFO: Extracted a new file of 252 bytes:
      Extracted 3 messages:
SML-Message OpenResponse: Codepage=iso-8859-15, ClientId=b'', ReqFileId=b'\x00C\x04M\t\xc5', ServerId=b'02280816', RefTime=None, SmlVersion=1
SML-Message GetListResponse: ClientId=None, ServerId=b'02280816', ListName=None, ActSensorTime=72214566, ListSignature=None, ActGatewayTime=None
 - ObjName=129-129:199.130.3*255, Status=0x0, ValTime=72214566, Unit=None, Scaler=10^0, Value=b'EMH', ValueSignature=b''
 - ObjName=1-0:0.0.0*255, Status=0x0, ValTime=72214566, Unit=None, Scaler=10^0, Value=b'02280816', ValueSignature=b''
 - ObjName=1-0:1.8.1*255, Status=0x180, ValTime=72214566, Unit=Wh, Scaler=10^-1, Value=147981132, ValueSignature=b''
 - ObjName=1-0:1.8.2*255, Status=0x180, ValTime=72214566, Unit=Wh, Scaler=10^-1, Value=20124, ValueSignature=b''
 - ObjName=0-0:96.1.255*255, Status=0x0, ValTime=72214566, Unit=None, Scaler=10^0, Value=b'0002280816', ValueSignature=b''
 - ObjName=1-0:1.7.0*255, Status=0x0, ValTime=72214566, Unit=W, Scaler=10^-1, Value=146, ValueSignature=b''
SML-Message CloseResponse: GlobalSignature=None
1-0:1.8.1*255: 14798113.200 Wh
1-0:1.8.2*255: 2012.400 Wh
1-0:1.7.0*255: 14.600 W
INFO: Extracted a new file of 252 bytes:
      Extracted 3 messages:
SML-Message OpenResponse: Codepage=iso-8859-15, ClientId=b'', ReqFileId=b'\x00C\x04M\t\xc6', ServerId=b'02280816', RefTime=None, SmlVersion=1
SML-Message GetListResponse: ClientId=None, ServerId=b'02280816', ListName=None, ActSensorTime=72214570, ListSignature=None, ActGatewayTime=None
 - ObjName=129-129:199.130.3*255, Status=0x0, ValTime=72214570, Unit=None, Scaler=10^0, Value=b'EMH', ValueSignature=b''
 - ObjName=1-0:0.0.0*255, Status=0x0, ValTime=72214570, Unit=None, Scaler=10^0, Value=b'02280816', ValueSignature=b''
 - ObjName=1-0:1.8.1*255, Status=0x180, ValTime=72214570, Unit=Wh, Scaler=10^-1, Value=147981132, ValueSignature=b''
 - ObjName=1-0:1.8.2*255, Status=0x180, ValTime=72214570, Unit=Wh, Scaler=10^-1, Value=20124, ValueSignature=b''
 - ObjName=0-0:96.1.255*255, Status=0x0, ValTime=72214570, Unit=None, Scaler=10^0, Value=b'0002280816', ValueSignature=b''
 - ObjName=1-0:1.7.0*255, Status=0x0, ValTime=72214570, Unit=W, Scaler=10^-1, Value=144, ValueSignature=b''
SML-Message CloseResponse: GlobalSignature=None
1-0:1.8.1*255: 14798113.200 Wh
1-0:1.8.2*255: 2012.400 Wh
1-0:1.7.0*255: 14.400 W
