WARNING: No message CRC provided!
INFO: Extracted a new file of 316 bytes:
      Extracted 2 messages:
SML-Message OpenResponse: Codepage=iso-8859-15, ClientId=b'', ReqFileId=b'\x00\x0c\x06\x9e-\x0f', ServerId=b'\x06EMH\x01\x00\x1dF\x15\xca', RefTime=None, SmlVersion=1
SML-Message GetListResponse: ClientId=None, ServerId=b'\x06EMH\x01\x00\x1dF\x15\xca', ListName=None, ActSensorTime=111082115, ListSignature=None, ActGatewayTime=None
 - ObjName=129-129:199.130.3*255, Status=0x0, ValTime=111082115, Unit=None, Scaler=10^1, Value=b'EMH', ValueSignature=b''
 - ObjName=1-0:0.0.9*255, Status=0x0, ValTime=111082115, Unit=None, Scaler=10^1, Value=b'\x06EMH\x01\x00\x1dF\x15\xca', ValueSignature=b''
 - ObjName=1-0:1.8.0*255, Status=0x182, ValTime=111082115, Unit=Wh, Scaler=10^-1, Value=151418090, ValueSignature=b''
 - ObjName=1-0:1.8.1*255, Status=0x0, ValTime=111082115, Unit=Wh, Scaler=10^-1, Value=151418090, ValueSignature=b''
 - ObjName=1-0:1.8.2*255, Status=0x0, ValTime=111082115, Unit=Wh, Scaler=10^-1, Value=0, ValueSignature=b''
 - ObjName=1-0:15.7.0*255, Status=0x0, ValTime=111082115, Unit=W, Scaler=10^-1, Value=12133, ValueSignature=b''
 - ObjName=129-129:199.130.5*255, Status=0x0, ValTime=111082115, Unit=None, Scaler=10^1, Value=b"*'\x8d\xad\xf3\xa5\xd8\x01\x1e\xea|\x1f`\xcf -N\xda\xda\x88\x98~\xb3\x8e\xe0\xf4\xe4\xceF\xe8m\x1a+\xe8k+@eQ\xado\x9e\x93g\xaa\xd2\x81\x9d\x01", ValueSignature=b''
1-0:1.8.0*255: 15141809.000 Wh
1-0:1.8.1*255: 15141809.000 Wh
1-0:1.8.2*255: 0.000 Wh
1-0:15.7.0*255: 1213.300 W
WARNING: No message CRC provided!
INFO: Extracted a new file of 316 bytes:
      Extracted 2 messages:
SML-Message OpenResponse: Codepage=iso-8859-15, ClientId=b'', ReqFileId=b'\x00\x0c\x06\x9e-\x11', ServerId=b'\x06EMH\x01\x00\x1dF\x15\xca', RefTime=None, SmlVersion=1
SML-Message GetListResponse: ClientId=None, ServerId=b'\x06EMH\x01\x00\x1dF\x15\xca', ListName=None, ActSensorTime=111082116, ListSignature=None, ActGatewayTime=None
 - ObjName=129-129:199.130.3*255, Status=0x0, ValTime=111082116, Unit=None, Scaler=10^1, Value=b'EMH', ValueSignature=b''
 - ObjName=1-0:0.0.9*255, Status=0x0, ValTime=111082116, Unit=None, Scaler=10^1, Value=b'\x06EMH\x01\x00\x1dF\x15\xca', ValueSignature=b''
 - ObjName=1-0:1.8.0*255, Status=0x182, ValTime=111082116, Unit=Wh, Scaler=10^-1, Value=151418095, ValueSignature=b''
 - ObjName=1-0:1.8.1*255, Status=0x0, ValTime=111082116, Unit=Wh, Scaler=10^-1, Value=151418095, ValueSignature=b''
 - ObjName=1-0:1.8.2*255, Status=0x0, ValTime=111082116, Unit=Wh, Scaler=10^-1, Value=0, ValueSignature=b''
 - ObjName=1-0:15.7.0*255, Status=0x0, ValTime=111082116, Unit=W, Scaler=10^-1, Value=12145, ValueSignature=b''
 - ObjName=129-129:199.130.5*255, Status=0x0, ValTime=111082116, Unit=None, Scaler=10^1, Value=b"*'\x8d\xad\xf3\xa5\xd8\x01\x1e\xea|\x1f`\xcf -N\xda\xda\x88\x98~\xb3\x8e\xe0\xf4\xe4\xceF\xe8m\x1a+\xe8k+@eQ\xado\x9e\x93g\xaa\xd2\x81\x9d\x01", ValueSignature=b''
1-0:1.8.0*255: 15141809.500 Wh
1-0:1.8.1*255: 15141809.500 Wh
1-0:1.8.2*255: 0.000 Wh
1-0:15.7.0*255: 1214.500 W
WARNING: No message CRC provided!
INFO: Extracted a new file of 316 bytes:
      Extracted 2 messages:
SML-Message OpenResponse: Codepage=iso-8859-15, ClientId=b'', ReqFileId=b'\x00\x0c\x06\x9e-\x13', ServerId=b'\x06EMH\x01\x00\x1dF\x15\xca', RefTime=None, SmlVersion=1
SML-Message GetListResponse: ClientId=None, ServerId=b'\x06EMH\x01\x00\x1dF\x15\xca', ListName=None, ActSensorTime=111082118, ListSignature=None, ActGatewayTime=None
 - ObjName=129-129:199.130.3*255, Status=0x0, ValTime=111082118, Unit=None, Scaler=10^1, Value=b'EMH', ValueSignature=b''
 - ObjName=1-0:0.0.9*255, Status=0x0, ValTime=111082118, Unit=None, Scaler=10^1, Value=b'\x06EMH\x01\x00\x1dF\x15\xca', ValueSignature=b''
 - ObjName=1-0:1.8.0*255, Status=0x182, ValTime=111082118, Unit=Wh, Scaler=10^-1, Value=151418100, ValueSignature=b''
 - ObjName=1-0:1.8.1*255, Status=0x0, ValTime=111082118, Unit=Wh, Scaler=10^-1, Value=151418100, ValueSignature=b''
 - ObjName=1-0:1.8.2*255, Status=0x0, ValTime=111082118, Unit=Wh, Scaler=10^-1, Value=0, ValueSignature=b''
 - ObjName=1-0:15.7.0*255, Status=0x0, ValTime=111082118, Unit=W, Scaler=10^-1, Value=12145, ValueSignature=b''
 - ObjName=129-129:199.130.5*255, Status=0x0, ValTime=111082118, Unit=None, Scaler=10^1, Value=b"*'\x8d\xad\xf3\xa5\xd8\x01\x1e\xea|\x1f`\xcf -N\xda\xda\x88\x98~\xb3\x8e\xe0\xf4\xe4\xceF\xe8m\x1a+\xe8k+@eQ\xado\x9e\x93g\xaa\xd2\x81\x9d\x01", ValueSignature=b''
1-0:1.8.0*255: 15141810.000 Wh
1-0:1.8.1*255: 15141810.000 Wh
1-0:1.8.2*255: 0.000 Wh
1-0:15.7.0*255: 1214.500 W
WARNING: No message CRC provided!
INFO: Extracted a new file of 316 bytes:
      Extracted 2 messages:
SML-Message OpenResponse: Codepage=iso-8859-15, ClientId=b'', ReqFileId=b'\x00\x0c\x06\x9e-\x15', ServerId=b'\x06EMH\x01\x00\x1dF\x15\xca', RefTime=None, SmlVersion=1
SML-Message GetListResponse: ClientId=None, ServerId=b'\x06EMH\x01\x00\x1dF\x15\xca', ListName=None, ActSensorTime=111082119, ListSignature=None, ActGatewayTime=None
 - ObjName=129-129:199.130.3*255, Status=0x0, ValTime=111082119, Unit=None, Scaler=10^1, Value=b'EMH', ValueSignature=b''
 - ObjName=1-0:0.0.9*255, Status=0x0, ValTime=111082119, Unit=None, Scaler=10^1, Value=b'\x06EMH\x01\x00\x1dF\x15\xca', ValueSignature=b''
 - ObjName=1-0:1.8.0*255, Status=0x182, ValTime=111082119, Unit=Wh, Scaler=10^-1, Value=151418105, ValueSignature=b''
 - ObjName=1-0:1.8.1*255, Status=0x0, ValTime=111082119, Unit=Wh, Scaler=10^-1, Value=151418105, ValueSignature=b''
 - ObjName=1-0:1.8.2*255, Status=0x0, ValTime=111082119, Unit=Wh, Scaler=10^-1, Value=0, ValueSignature=b''
 - ObjName=1-0:15.7.0*255, Status=0x0, ValTime=111082119, Unit=W, Scaler=10^-1, Value=12133, ValueSignature=b''
 - ObjName=129-129:199.130.5*255, Status=0x0, ValTime=111082119, Unit=None, Scaler=10^1, Value=b"*'\x8d\xad\xf3\xa5\xd8\x01\x1e\xea|\x1f`\xcf -N\xda\xda\x88\x98~\xb3\x8e\xe0\xf4\xe4\xceF\xe8m\x1a+\xe8k+@eQ\xado\x9e\x93g\xaa\xd2\x81\x9d\x01", ValueSignature=b''
1-0:1.8.0*255: 15141810.500 Wh
1-0:1.8.1*255: 15141810.500 Wh
1-0:1.8.2*255: 0.000 Wh
1-0:15.7.0*255: 1213.300 W
WARNING: No message CRC provided!
INFO: Extracted a new file of 316 bytes:
      Extracted 2 messages:
SML-Message OpenResponse: Codepage=iso-8859-15, ClientId=b'', ReqFileId=b'\x00\x0c\x06\x9e-\x17', ServerId=b'\x06EMH\x01\x00\x1dF\x15\xca', RefTime=None, SmlVersion=1
SML-Message GetListResponse: ClientId=None, ServerId=b'\x06EMH\x01\x00\x1dF\x15\xca', ListName=None, ActSensorTime=111082121, ListSignature=None, ActGatewayTime=None
 - ObjName=129-129:199.130.3*255, Status=0x0, ValTime=111082121, Unit=None, Scaler=10^1, Value=b'EMH', ValueSignature=b''
 - ObjName=1-0:0.0.9*255, Status=0x0, ValTime=111082121, Unit=None, Scaler=10^1, Value=b'\x06EMH\x01\x00\x1dF\x15\xca', ValueSignature=b''
 - ObjName=1-0:1.8.0*255, Status=0x182, ValTime=111082121, Unit=Wh, Scaler=10^-1, Value=151418110, ValueSignature=b''
 - ObjName=1-0:1.8.1*255, Status=0x0, ValTime=111082121, Unit=Wh, Scaler=10^-1, Value=151418110, ValueSignature=b''
 - ObjName=1-0:1.8.2*255, Status=0x0, ValTime=111082121, Unit=Wh, Scaler=10^-1, Value=0, ValueSignature=b''
 - ObjName=1-0:15.7.0*255, Status=0x0, ValTime=111082121, Unit=W, Scaler=10^-1, Value=12133, ValueSignature=b''
 - ObjName=129-129:199.130.5*255, Status=0x0, ValTime=111082121, Unit=None, Scaler=10^1, Value=b"*'\x8d\xad\xf3\xa5\xd8\x01\x1e\xea|\x1f`\xcf -N\xda\xda\x88\x98~\xb3\x8e\xe0\xf4\xe4\xceF\xe8m\x1a+\xe8k+@eQ\xado\x9e\x93g\xaa\xd2\x81\x9d\x01", ValueSignature=b''
1-0:1.8.0*255: 15141811.000 Wh
1-0:1.8.1*255: 15141811.000 Wh
1-0:1.8.2*255: 0.000 Wh
1-0:15.7.0*255: 1213.300 W
WARNING: No message CRC provided!
INFO: Extracted a new file of 316 bytes:
      Extracted 2 messages:
SML-Message OpenResponse: Codepage=iso-8859-15, ClientId=b'', ReqFileId=b'\x00\x0c\x06\x9e-\x19', ServerId=b'\x06EMH\x01\x00\x1dF\x15\xca', RefTime=None, SmlVersion=1
SML-Message GetListResponse: ClientId=None, ServerId=b'\x06EMH\x01\x00\x1dF\x15\xca', ListName=None, ActSensorTime=111082122, ListSignature=None, ActGatewayTime=None
 - ObjName=129-129:199.130.3*255, Status=0x0, ValTime=111082122, Unit=None, Scaler=10^1, Value=b'EMH', ValueSignature=b''
 - ObjName=1-0:0.0.9*255, Status=0x0, ValTime=111082122, Unit=None, Scaler=10^1, Value=b'\x06EMH\x01\x00\x1dF\x15\xca', ValueSignature=b''
 - ObjName=1-0:1.8.0*255, Status=0x182, ValTime=111082122, Unit=Wh, Scaler=10^-1, Value=151418115, ValueSignature=b''
 - ObjName=1-0:1.8.1*255, Status=0x0, ValTime=111082122, Unit=Wh, Scaler=10^-1, Value=151418115, ValueSignature=b''
 - ObjName=1-0:1.8.2*255, Status=0x0, ValTime=111082122, Unit=Wh, Scaler=10^-1, Value=0, ValueSignature=b''
 - ObjName=1-0:15.7.0*255, Status=0x0, ValTime=111082122, Unit=W, Scaler=10^-1, Value=12133, ValueSignature=b''
 - ObjName=129-129:199.130.5*255, Status=0x0, ValTime=111082122, Unit=None, Scaler=10^1, Value=b"*'\x8d\xad\xf3\xa5\xd8\x01\x1e\xea|\x1f`\xcf -N\xda\xda\x88\x98~\xb3\x8e\xe0\xf4\xe4\xceF\xe8m\x1a+\xe8k+@eQ\xado\x9e\x93g\xaa\xd2\x81\x9d\x01", ValueSignature=b''
1-0:1.8.0*255: 15141811.500 Wh
1-0:1.8.1*255: 15141811.500 Wh
1-0:1.8.2*255: 0.000 Wh
1-0:15.7.0*255: 1213.300 W
WARNING: No message CRC provided!
INFO: Extracted a new file of 316 bytes:
      Extracted 2 messages:
SML-Message OpenResponse: Codepage=iso-8859-15, ClientId=b'', ReqFileId=b'\x00\x0c\x06\x9e-\x1b', ServerId=b'\x06EMH\x01\x00\x1dF\x15\xca', RefTime=None, SmlVersion=1
SML-Message GetListResponse: ClientId=None, ServerId=b'\x06EMH\x01\x00\x1dF\x15\xca', ListName=None, ActSensorTime=111082124, ListSignature=None, ActGatewayTime=None
 - ObjName=129-129:199.130.3*255, Status=0x0, ValTime=111082124, Unit=None, Scaler=10^1, Value=b'EMH', ValueSignature=b''
 - ObjName=1-0:0.0.9*255, Status=0x0, ValTime=111082124, Unit=None, Scaler=10^1, Value=b'\x06EMH\x01\x00\x1dF\x15\xca', ValueSignature=b''
 - ObjName=1-0:1.8.0*255, Status=0x182, ValTime=111082124, Unit=Wh, Scaler=10^-1, Value=151418120, ValueSignature=b''
 - ObjName=1-0:1.8.1*255, Status=0x0, ValTime=111082124, Unit=Wh, Scaler=10^-1, Value=151418120, ValueSignature=b''
 - ObjName=1-0:1.8.2*255, Status=0x0, ValTime=111082124, Unit=Wh, Scaler=10^-1, Value=0, ValueSignature=b''
 - ObjName=1-0:15.7.0*255, Status=0x0, ValTime=111082124, Unit=W, Scaler=10^-1, Value=12145, ValueSignature=b''
 - ObjName=129-129:199.130.5*255, Status=0x0, ValTime=111082124, Unit=None, Scaler=10^1, Value=b"*'\x8d\xad\xf3\xa5\xd8\x01\x1e\xea|\x1f`\xcf -N\xda\xda\x88\x98~\xb3\x8e\xe0\xf4\xe4\xceF\xe8m\x1a+\xe8k+@eQ\xado\x9e\x93g\xaa\xd2\x81\x9d\x01", ValueSignature=b''
1-0:1.8.0*255: 15141812.000 Wh
1-0:1.8.1*255: 15141812.000 Wh
1-0:1.8.2*255: 0.000 Wh
1-0:15.7.0*255: 1214.500 W
WARNING: No message CRC provided!
INFO: Extracted a new file of 316 bytes:
      Extracted 2 messages:
SML-Message OpenResponse: Codepage=iso-8859-15, ClientId=b'', ReqFileId=b'\x00\x0c\x06\x9e-\x1d', ServerId=b'\x06EMH\x01\x00\x1dF\x15\xca', RefTime=None, SmlVersion=1
SML-Message GetListResponse: ClientId=None, ServerId=b'\x06EMH\x01\x00\x1dF\x15\xca', ListName=None, ActSensorTime=111082125, ListSignature=None, ActGatewayTime=None
 - ObjName=129-129:199.130.3*255, Status=0x0, ValTime=111082125, Unit=None, Scaler=10^1, Value=b'EMH', ValueSignature=b''
 - ObjName=1-0:0.0.9*255, Status=0x0, ValTime=111082125, Unit=None, Scaler=10^1, Value=b'\x06EMH\x01\x00\x1dF\x15\xca', ValueSignature=b''
 - ObjName=1-0:1.8.0*255, Status=0x182, ValTime=111082125, Unit=Wh, Scaler=10^-1, Value=151418125, ValueSignature=b''
 - ObjName=1-0:1.8.1*255, Status=0x0, ValTime=111082125, Unit=Wh, Scaler=10^-1, Value=151418125, ValueSignature=b''
 - ObjName=1-0:1.8.2*255, Status=0x0, ValTime=111082125, Unit=Wh, Scaler=10^-1, Value=0, ValueSignature=b''
 - ObjName=1-0:15.7.0*255, Status=0x0, ValTime=111082125, Unit=W, Scaler=10^-1, Value=12175, ValueSignature=b''
 - ObjName=129-129:199.130.5*255, Status=0x0, ValTime=111082125, Unit=None, Scaler=10^1, Value=b"*'\x8d\xad\xf3\xa5\xd8\x01\x1e\xea|\x1f`\xcf -N\xda\xda\x88\x98~\xb3\x8e\xe0\xf4\xe4\xceF\xe8m\x1a+\xe8k+@eQ\xado\x9e\x93g\xaa\xd2\x81\x9d\x01", ValueSignature=b''
1-0:1.8.0*255: 15141812.500 Wh
1-0:1.8.1*255: 15141812.500 Wh
1-0:1.8.2*255: 0.000 Wh
1-0:15.7.0*255: 1217.500 W
WARNING: No message CRC provided!
INFO: Extracted a new file of 316 bytes:
      Extracted 2 messages:
SML-Message OpenResponse: Codepage=iso-8859-15, ClientId=b'', ReqFileId=b'\x00\x0c\x06\x9e-\x1f', ServerId=b'\x06EMH\x01\x00\x1dF\x15\xca', RefTime=None, SmlVersion=1
SML-Message GetListResponse: ClientId=None, ServerId=b'\x06EMH\x01\x00\x1dF\x15\xca', ListName=None, ActSensorTime=111082127, ListSignature=None, ActGatewayTime=None
 - ObjName=129-129:199.130.3*255, Status=0x0, ValTime=111082127, Unit=None, Scaler=10^1, Value=b'EMH', ValueSignature=b''
 - ObjName=1-0:0.0.9*255, Status=0x0, ValTime=111082127, Unit=None, Scaler=10^1, Value=b'\x06EMH\x01\x00\x1dF\x15\xca', ValueSignature=b''
 - ObjName=1-0:1.8.0*255, Status=0x182, ValTime=111082127, Unit=Wh, Scaler=10^-1, Value=151418130, ValueSignature=b''
 - ObjName=1-0:1.8.1*255, Status=0x0, ValTime=111082127, Unit=Wh, Scaler=10^-1, Value=151418130, ValueSignature=b''
 - ObjName=1-0:1.8.2*255, Status=0x0, ValTime=111082127, Unit=Wh, Scaler=10^-1, Value=0, ValueSignature=b''
 - ObjName=1-0:15.7.0*255, Status=0x0, ValTime=111082127, Unit=W, Scaler=10^-1, Value=12175, ValueSignature=b''
 - ObjName=129-129:199.130.5*255, Status=0x0, ValTime=111082127, Unit=None, Scaler=10^1, Value=b"*'\x8d\xad\xf3\xa5\xd8\x01\x1e\xea|\x1f`\xcf -N\xda\xda\x88\x98~\xb3\x8e\xe0\xf4\xe4\xceF\xe8m\x1a+\xe8k+@eQ\xado\x9e\x93g\xaa\xd2\x81\x9d\x01", ValueSignature=b''
1-0:1.8.0*255: 15141813.000 Wh
1-0:1.8.1*255: 15141813.000 Wh
1-0:1.8.2*255: 0.000 Wh
1-0:15.7.0*255: 1217.500 W
WARNING: No message CRC provided!
INFO: Extracted a new file of 316 bytes:
      Extracted 2 messages:
SML-Message OpenResponse: Codepage=iso-8859-15, ClientId=b'', ReqFileId=b'\x00\x0c\x06\x9e-!', ServerId=b'\x06EMH\x01\x00\x1dF\x15\xca', RefTime=None, SmlVersion=1
SML-Message GetListResponse: ClientId=None, ServerId=b'\x06EMH\x01\x00\x1dF\x15\xca', ListName=None, ActSensorTime=111082128, ListSignature=None, ActGatewayTime=None
 - ObjName=129-129:199.130.3*255, Status=0x0, ValTime=111082128, Unit=None, Scaler=10^1, Value=b'EMH', ValueSignature=b''
 - ObjName=1-0:0.0.9*255, Status=0x0, ValTime=111082128, Unit=None, Scaler=10^1, Value=b'\x06EMH\x01\x00\x1dF\x15\xca', ValueSignature=b''
 - ObjName=1-0:1.8.0*255, Status=0x182, ValTime=111082128, Unit=Wh, Scaler=10^-1, Value=151418135, ValueSignature=b''
 - ObjName=1-0:1.8.1*255, Status=0x0, ValTime=111082128, Unit=Wh, Scaler=10^-1, Value=151418135, ValueSignature=b''
 - ObjName=1-0:1.8.2*255, Status=0x0, ValTime=111082128, Unit=Wh, Scaler=10^-1, Value=0, ValueSignature=b''
 - ObjName=1-0:15.7.0*255, Status=0x0, ValTime=111082128, Unit=W, Scaler=10^-1, Value=12145, ValueSignature=b''
 - ObjName=129-129:199.130.5*255, Status=0x0, ValTime=111082128, Unit=None, Scaler=10^1, Value=b"*'\x8d\xad\xf3\xa5\xd8\x01\x1e\xea|\x1f`\xcf -N\xda\xda\x88\x98~\xb3\x8e\xe0\xf4\xe4\xceF\xe8m\x1a+\xe8k+@eQ\xado\x9e\x93g\xaa\xd2\x81\x9d\x01", ValueSignature=b''
1-0:1.8.0*255: 15141813.500 Wh
1-0:1.8.1*255: 15141813.500 Wh
1-0:1.8.2*255: 0.000 Wh
1-0:15.7.0*255: 1214.500 W
WARNING: No message CRC provided!
INFO: Extracted a new file of 316 bytes:
      Extracted 2 messages:
SML-Message OpenResponse: Codepage=iso-8859-15, ClientId=b'', ReqFileId=b'\x00\x0c\x06\x9e-#', ServerId=b'\x06EMH\x01\x00\x1dF\x15\xca', RefTime=None, SmlVersion=1
SML-Message GetListResponse: ClientId=None, ServerId=b'\x06EMH\x01\x00\x1dF\x15\xca', ListName=None, ActSensorTime=111082130, ListSignature=None, ActGatewayTime=None
 - ObjName=129-129:199.130.3*255, Status=0x0, ValTime=111082130, Unit=None, Scaler=10^1, Value=b'EMH', ValueSignature=b''
 - ObjName=1-0:0.0.9*255, Status=0x0, ValTime=111082130, Unit=None, Scaler=10^1, Value=b'\x06EMH\x01\x00\x1dF\x15\xca', ValueSignature=b''
 - ObjName=1-0:1.8.0*255, Status=0x182, ValTime=111082130, Unit=Wh, Scaler=10^-1, Value=151418140, ValueSignature=b''
 - ObjName=1-0:1.8.1*255, Status=0x0, ValTime=111082130, Unit=Wh, Scaler=10^-1, Value=151418140, ValueSignature=b''
 - ObjName=1-0:1.8.2*255, Status=0x0, ValTime=111082130, Unit=Wh, Scaler=10^-1, Value=0, ValueSignature=b''
 - ObjName=1-0:15.7.0*255, Status=0x0, ValTime=111082130, Unit=W, Scaler=10^-1, Value=12145, ValueSignature=b''
 - ObjName=129-129:199.130.5*255, Status=0x0, ValTime=111082130, Unit=None, Scaler=10^1, Value=b"*'\x8d\xad\xf3\xa5\xd8\x01\x1e\xea|\x1f`\xcf -N\xda\xda\x88\x98~\xb3\x8e\xe0\xf4\xe4\xceF\xe8m\x1a+\xe8k+@eQ\xado\x9e\x93g\xaa\xd2\x81\x9d\x01", ValueSignature=b''
1-0:1.8.0*255: 15141814.000 Wh
1-0:1.8.1*255: 15141814.000 Wh
1-0:1.8.2*255: 0.000 Wh
1-0:15.7.0*255: 1214.500 W
WARNING: No message CRC provided!
INFO: Extracted a new file of 316 bytes:
      Extracted 2 messages:
SML-Message OpenResponse: Codepage=iso-8859-15, ClientId=b'', ReqFileId=b'\x00\x0c\x06\x9e-%', ServerId=b'\x06EMH\x01\x00\x1dF\x15\xca', RefTime=None, SmlVersion=1
SML-Message GetListResponse: ClientId=None, ServerId=b'\x06EMH\x01\x00\x1dF\x15\xca', ListName=None, ActSensorTime=111082131, ListSignature=None, ActGatewayTime=None
 - ObjName=129-129:199.130.3*255, Status=0x0, ValTime=111082131, Unit=None, Scaler=10^1, Value=b'EMH', ValueSignature=b''
 - ObjName=1-0:0.0.9*255, Status=0x0, ValTime=111082131, Unit=None, Scaler=10^1, Value=b'\x06EMH\x01\x00\x1dF\x15\xca', ValueSignature=b''
 - ObjName=1-0:1.8.0*255, Status=0x182, ValTime=111082131, Unit=Wh, Scaler=10^-1, Value=151418145, ValueSignature=b''
 - ObjName=1-0:1.8.1*255, Status=0x0, ValTime=111082131, Unit=Wh, Scaler=10^-1, Value=151418145, ValueSignature=b''
 - ObjName=1-0:1.8.2*255, Status=0x0, ValTime=111082131, Unit=Wh, Scaler=10^-1, Value=0, ValueSignature=b''
 - ObjName=1-0:15.7.0*255, Status=0x0, ValTime=111082131, Unit=W, Scaler=10^-1, Value=12175, ValueSignature=b''
 - ObjName=129-129:199.130.5*255, Status=0x0, ValTime=111082131, Unit=None, Scaler=10^1, Value=b"*'\x8d\xad\xf3\xa5\xd8\x01\x1e\xea|\x1f`\xcf -N\xda\xda\x88\x98~\xb3\x8e\xe0\xf4\xe4\xceF\xe8m\x1a+\xe8k+@eQ\xado\x9e\x93g\xaa\xd2\x81\x9d\x01", ValueSignature=b''
1-0:1.8.0*255: 15141814.500 Wh
1-0:1.8.1*255: 15141814.500 Wh
1-0:1.8.2*255: 0.000 Wh
1-0:15.7.0*255: 1217.500 W
